../Drivers/BSP/motion_sensor.c:48:6:spi_i2c_acc_gyro_setup	4	static
../Drivers/BSP/motion_sensor.c:69:6:spi_i2c_mag_setup	4	static
../Drivers/BSP/motion_sensor.c:85:9:mtn_read_sensorhub_reg	56	static
../Drivers/BSP/motion_sensor.c:209:9:mtn_write_sensorhub_reg	56	static
../Drivers/BSP/motion_sensor.c:323:9:mtn_acc_deinit	16	static
../Drivers/BSP/motion_sensor.c:336:9:mtn_gyro_deinit	16	static
../Drivers/BSP/motion_sensor.c:349:9:mtn_acc_init	16	static
../Drivers/BSP/motion_sensor.c:394:9:mtn_gyro_init	16	static
../Drivers/BSP/motion_sensor.c:444:9:reg_ret_status	16	static
../Drivers/BSP/motion_sensor.c:509:9:mtn_snsr_delay	8	static
../Drivers/BSP/motion_sensor.c:514:6:mtn_acc_gyro_init	8	static
../Drivers/BSP/motion_sensor.c:569:6:mtn_acc_mode_set	56	static
../Drivers/BSP/motion_sensor.c:780:6:mtn_gyro_mode_set	24	static
../Drivers/BSP/motion_sensor.c:858:6:mtn_mag_mode_set	40	static
../Drivers/BSP/motion_sensor.c:910:6:check_mtn_acc_mode	16	static
../Drivers/BSP/motion_sensor.c:939:6:check_mtn_gyro_mode	16	static
../Drivers/BSP/motion_sensor.c:961:6:check_mag_mode	16	static
../Drivers/BSP/motion_sensor.c:978:6:mtn_mag_init	16	static
../Drivers/BSP/motion_sensor.c:1050:6:mtn_bsp_init	8	static
../Drivers/BSP/motion_sensor.c:1069:6:mtn_acc_gyro_process	8	static
../Drivers/BSP/motion_sensor.c:1093:6:mtn_mag_process	8	static
../Drivers/BSP/motion_sensor.c:1109:6:mtn_mag_int_gen	16	static
../Drivers/BSP/motion_sensor.c:1132:6:mtn_bsp_process	8	static
../Drivers/BSP/motion_sensor.c:1157:9:i2c_read_8bit	40	static
../Drivers/BSP/motion_sensor.c:1168:9:i2c_write_8bit	40	static
../Drivers/BSP/motion_sensor.c:1184:6:HAL_GPIO_EXTI_Rising_Callback	24	static
../Drivers/BSP/motion_sensor.c:1295:5:__io_putchar	16	static
