../Drivers/TOF/tof_reg.c:24:9:tof_i2c_read	24	static
../Drivers/TOF/tof_reg.c:37:9:tof_i2c_write	32	static
../Drivers/TOF/tof_reg.c:50:9:tof_i2c_write_command	24	static
../Drivers/TOF/tof_reg.c:61:9:tof_calculate_checksum	24	static
../Drivers/TOF/tof_reg.c:77:9:bootloader_poll	16	static
../Drivers/TOF/tof_reg.c:102:9:bootloader_cmd_download_init	32	static
../Drivers/TOF/tof_reg.c:119:9:bootloader_cmd_addr_ram	32	static
../Drivers/TOF/tof_reg.c:137:9:bootloader_cmd_w_ram	32	static
../Drivers/TOF/tof_reg.c:183:9:bootloader_cmd_ramremap_reset	16	static
../Drivers/TOF/tof_reg.c:204:9:app_configuration	24	static
../Drivers/TOF/tof_reg.c:262:9:app_factory_callibration	208	static
../Drivers/TOF/tof_reg.c:434:9:app_measurement	8	static
../Drivers/TOF/tof_reg.c:476:9:app_full_config	8	static
../Drivers/TOF/tof_reg.c:516:9:custom_spad_mask	16	static
../Drivers/TOF/tof_reg.c:618:9:switch_between_active_ranges	16	static
../Drivers/TOF/tof_reg.c:642:9:app_cmd_measure_stop	8	static
../Drivers/TOF/tof_reg.c:677:9:enter_standby_mode	8	static
../Drivers/TOF/tof_reg.c:716:9:wake_up_device	8	static
../Drivers/TOF/tof_reg.c:744:6:power_cycle	8	static
../Drivers/TOF/tof_reg.c:753:9:is_device_ready	8	static
../Drivers/TOF/tof_reg.c:766:9:exit_standby_timed_mode	8	static
../Drivers/TOF/tof_reg.c:795:9:check_app_id	16	static
../Drivers/TOF/tof_reg.c:807:6:bootloader_after_warm_start	4	static
../Drivers/TOF/tof_reg.c:815:9:bootloader_status	4	static
../Drivers/TOF/tof_reg.c:823:9:check_app_cmd_exec_cmpltd	8	static
../Drivers/TOF/tof_reg.c:852:9:check_config_page_loaded	24	static
../Drivers/TOF/tof_reg.c:871:9:check_fw_support_for_short_range	8	static
../Drivers/TOF/tof_reg.c:882:9:check_active_range	8	static
../Drivers/TOF/tof_reg.c:892:9:switch_bw_tmf8828_and_tmf8821_mode	16	static
../Drivers/TOF/tof_reg.c:952:9:check_mode	8	static
../Drivers/TOF/tof_reg.c:964:9:tmf8821_store_factory_callibration	16	static
../Drivers/TOF/tof_reg.c:1016:9:tmf8821_load_factory_callibration	24	static
../Drivers/TOF/tof_reg.c:1066:9:startup	8	static
../Drivers/TOF/tof_reg.c:1122:9:image_download	8	static
../Drivers/TOF/tof_reg.c:1142:9:application_configuration	8	static
../Drivers/TOF/tof_reg.c:1151:9:tof_patch_image_download	160	static
../Drivers/TOF/tof_reg.c:1215:9:measurements_results	8	static
../Drivers/TOF/tof_reg.c:1227:9:clock_correction	32	static
