../Drivers/ICM20948/icm20948.c:77:16:int32abs	16	static
../Drivers/ICM20948/icm20948.c:82:6:change_absmax	16	static
../Drivers/ICM20948/icm20948.c:89:13:newStep	16	static
../Drivers/ICM20948/icm20948.c:103:9:intToChar	16	static
../Drivers/ICM20948/icm20948.c:122:19:arg_mvp1_snsr_mtn_icm20948_init	8	static
../Drivers/ICM20948/icm20948.c:151:19:arg_mvp1_snsr_mtn_ak09916_init	8	static
../Drivers/ICM20948/icm20948.c:164:6:icm20948_gyro_read	24	static
../Drivers/ICM20948/icm20948.c:173:6:icm20948_accel_read	24	static
../Drivers/ICM20948/icm20948.c:182:19:arg_mvp1_snsr_mtn_icm20948_accel_read_step_counts	56	static
../Drivers/ICM20948/icm20948.c:339:6:ak09916_mag_read	32	static
../Drivers/ICM20948/icm20948.c:359:6:icm20948_gyro_read_dps	16	static
../Drivers/ICM20948/icm20948.c:368:6:icm20948_accel_read_g	32	static
../Drivers/ICM20948/icm20948.c:399:6:ak09916_mag_read_uT	32	static
../Drivers/ICM20948/icm20948.c:414:6:icm20948_who_am_i	16	static
../Drivers/ICM20948/icm20948.c:424:6:ak09916_who_am_i	16	static
../Drivers/ICM20948/icm20948.c:434:6:icm20948_device_reset	8	static
../Drivers/ICM20948/icm20948.c:440:6:ak09916_soft_reset	8	static
../Drivers/ICM20948/icm20948.c:446:6:icm20948_wakeup	16	static
../Drivers/ICM20948/icm20948.c:455:6:icm20948_sleep	16	static
../Drivers/ICM20948/icm20948.c:464:6:icm20948_spi_slave_enable	16	static
../Drivers/ICM20948/icm20948.c:472:6:icm20948_i2c_master_reset	16	static
../Drivers/ICM20948/icm20948.c:480:6:icm20948_i2c_master_enable	16	static
../Drivers/ICM20948/icm20948.c:489:6:icm20948_i2c_master_clk_frq	24	static
../Drivers/ICM20948/icm20948.c:497:6:icm20948_clock_source	24	static
../Drivers/ICM20948/icm20948.c:505:6:icm20948_sleep_mode	16	static
../Drivers/ICM20948/icm20948.c:513:6:icm20948_lp_mode	16	static
../Drivers/ICM20948/icm20948.c:521:6:icm20948_odr_align_enable	8	static
../Drivers/ICM20948/icm20948.c:526:6:icm20948_gyro_low_pass_filter	24	static
../Drivers/ICM20948/icm20948.c:534:6:icm20948_accel_low_pass_filter	24	static
../Drivers/ICM20948/icm20948.c:542:6:icm20948_gyro_sample_rate_divider	16	static
../Drivers/ICM20948/icm20948.c:547:6:icm20948_accel_sample_rate_divider	24	static
../Drivers/ICM20948/icm20948.c:556:6:ak09916_operation_mode_setting	16	static
../Drivers/ICM20948/icm20948.c:562:6:icm20948_gyro_calibration	48	static
../Drivers/ICM20948/icm20948.c:594:6:icm20948_accel_calibration	72	static
../Drivers/ICM20948/icm20948.c:652:6:icm20948_gyro_full_scale_select	24	static
../Drivers/ICM20948/icm20948.c:679:6:icm20948_accel_full_scale_select	24	static
../Drivers/ICM20948/icm20948.c:708:13:cs_high	8	static
../Drivers/ICM20948/icm20948.c:714:13:cs_low	8	static
../Drivers/ICM20948/icm20948.c:720:13:select_user_bank	24	static
../Drivers/ICM20948/icm20948.c:731:16:read_single_icm20948_reg	24	static
../Drivers/ICM20948/icm20948.c:745:13:write_single_icm20948_reg	24	static
../Drivers/ICM20948/icm20948.c:758:11:read_multiple_icm20948_reg	24	static
../Drivers/ICM20948/icm20948.c:772:13:write_multiple_icm20948_reg	24	static
../Drivers/ICM20948/icm20948.c:783:16:read_single_ak09916_reg	16	static
../Drivers/ICM20948/icm20948.c:793:13:write_single_ak09916_reg	16	static
../Drivers/ICM20948/icm20948.c:801:17:read_multiple_ak09916_reg	16	static
../Drivers/ICM20948/icm20948.c:814:6:arg_mvp1_snsr_mtn_icm20948_timestamp_steps	4	static
../Drivers/ICM20948/icm20948.c:826:6:arg_mvp1_snsr_mtn_icm20948_stpes_write_flash	4	static
../Drivers/ICM20948/icm20948.c:835:10:arg_mvp1_snsr_mtn_icm20948_stpes_read_flash	4	static
