../Drivers/Touch_Sensor/at42qt2120.c:30:9:check_cid	24	static
../Drivers/Touch_Sensor/at42qt2120.c:58:9:read8_i2c	32	static
../Drivers/Touch_Sensor/at42qt2120.c:83:10:read16_i2c	32	static
../Drivers/Touch_Sensor/at42qt2120.c:113:9:write8_i2c	32	static
../Drivers/Touch_Sensor/at42qt2120.c:132:6:enable_slider	8	static
../Drivers/Touch_Sensor/at42qt2120.c:141:9:key_detect	16	static
../Drivers/Touch_Sensor/at42qt2120.c:155:9:is_keyPressed	24	static
../Drivers/Touch_Sensor/at42qt2120.c:178:9:is_bitSet	16	static
../Drivers/Touch_Sensor/at42qt2120.c:190:9:key_val	16	static
../Drivers/Touch_Sensor/at42qt2120.c:206:9:sliderPosition	16	static
../Drivers/Touch_Sensor/at42qt2120.c:215:9:slider_detect	16	static
../Drivers/Touch_Sensor/at42qt2120.c:227:9:slider_val	8	static
../Drivers/Touch_Sensor/at42qt2120.c:239:6:set_detectIntegrator	16	static
../Drivers/Touch_Sensor/at42qt2120.c:252:6:set_keyThreshold	24	static
../Drivers/Touch_Sensor/at42qt2120.c:262:6:set_timeRecalDelay	16	static
../Drivers/Touch_Sensor/at42qt2120.c:270:6:set_TTD	16	static
../Drivers/Touch_Sensor/at42qt2120.c:278:6:set_ATD	16	static
../Drivers/Touch_Sensor/at42qt2120.c:286:6:enable_wheel	8	static
../Drivers/Touch_Sensor/at42qt2120.c:294:9:get_TTD	16	static
../Drivers/Touch_Sensor/at42qt2120.c:303:9:get_ATD	16	static
../Drivers/Touch_Sensor/at42qt2120.c:312:9:get_ketThreshold	24	static
../Drivers/Touch_Sensor/at42qt2120.c:323:9:get_detectIntegrator	16	static
../Drivers/Touch_Sensor/at42qt2120.c:332:6:set_DHT	16	static
../Drivers/Touch_Sensor/at42qt2120.c:340:6:touchSensor_Init	8	static
../Drivers/Touch_Sensor/at42qt2120.c:368:6:touchSensor_Process	8	static
../Drivers/Touch_Sensor/at42qt2120.c:389:6:finger_press_detect	24	static
../Drivers/Touch_Sensor/at42qt2120.c:405:6:finger_leave_detect	24	static
../Drivers/Touch_Sensor/at42qt2120.c:422:6:delay_us	16	static
../Drivers/Touch_Sensor/at42qt2120.c:433:6:HAL_TIM_PeriodElapsedCallback	16	static
../Drivers/Touch_Sensor/at42qt2120.c:471:8:mvp_touch_forward_backward_tap_detect	8	static
../Drivers/Touch_Sensor/at42qt2120.c:513:5:__io_putchar	16	static
