Archive member included to satisfy reference by file (symbol)

c:/st/stm32cubeide_1.9.0/stm32cubeide/plugins/com.st.stm32cube.ide.mcu.externaltools.gnu-tools-for-stm32.10.3-2021.10.win32_1.0.0.202111181127/tools/bin/../lib/gcc/arm-none-eabi/10.3.1/../../../../arm-none-eabi/lib/thumb/v8-m.main+fp/hard\libc_nano.a(lib_a-errno.o)
                              ./Core/Src/syscalls.o (__errno)
c:/st/stm32cubeide_1.9.0/stm32cubeide/plugins/com.st.stm32cube.ide.mcu.externaltools.gnu-tools-for-stm32.10.3-2021.10.win32_1.0.0.202111181127/tools/bin/../lib/gcc/arm-none-eabi/10.3.1/../../../../arm-none-eabi/lib/thumb/v8-m.main+fp/hard\libc_nano.a(lib_a-exit.o)
                              c:/st/stm32cubeide_1.9.0/stm32cubeide/plugins/com.st.stm32cube.ide.mcu.externaltools.gnu-tools-for-stm32.10.3-2021.10.win32_1.0.0.202111181127/tools/bin/../lib/gcc/arm-none-eabi/10.3.1/../../../../arm-none-eabi/lib/thumb/v8-m.main+fp/hard/crt0.o (exit)
c:/st/stm32cubeide_1.9.0/stm32cubeide/plugins/com.st.stm32cube.ide.mcu.externaltools.gnu-tools-for-stm32.10.3-2021.10.win32_1.0.0.202111181127/tools/bin/../lib/gcc/arm-none-eabi/10.3.1/../../../../arm-none-eabi/lib/thumb/v8-m.main+fp/hard\libc_nano.a(lib_a-impure.o)
                              c:/st/stm32cubeide_1.9.0/stm32cubeide/plugins/com.st.stm32cube.ide.mcu.externaltools.gnu-tools-for-stm32.10.3-2021.10.win32_1.0.0.202111181127/tools/bin/../lib/gcc/arm-none-eabi/10.3.1/../../../../arm-none-eabi/lib/thumb/v8-m.main+fp/hard\libc_nano.a(lib_a-exit.o) (_global_impure_ptr)
c:/st/stm32cubeide_1.9.0/stm32cubeide/plugins/com.st.stm32cube.ide.mcu.externaltools.gnu-tools-for-stm32.10.3-2021.10.win32_1.0.0.202111181127/tools/bin/../lib/gcc/arm-none-eabi/10.3.1/../../../../arm-none-eabi/lib/thumb/v8-m.main+fp/hard\libc_nano.a(lib_a-init.o)
                              c:/st/stm32cubeide_1.9.0/stm32cubeide/plugins/com.st.stm32cube.ide.mcu.externaltools.gnu-tools-for-stm32.10.3-2021.10.win32_1.0.0.202111181127/tools/bin/../lib/gcc/arm-none-eabi/10.3.1/../../../../arm-none-eabi/lib/thumb/v8-m.main+fp/hard/crt0.o (__libc_init_array)
c:/st/stm32cubeide_1.9.0/stm32cubeide/plugins/com.st.stm32cube.ide.mcu.externaltools.gnu-tools-for-stm32.10.3-2021.10.win32_1.0.0.202111181127/tools/bin/../lib/gcc/arm-none-eabi/10.3.1/../../../../arm-none-eabi/lib/thumb/v8-m.main+fp/hard\libc_nano.a(lib_a-memset.o)
                              c:/st/stm32cubeide_1.9.0/stm32cubeide/plugins/com.st.stm32cube.ide.mcu.externaltools.gnu-tools-for-stm32.10.3-2021.10.win32_1.0.0.202111181127/tools/bin/../lib/gcc/arm-none-eabi/10.3.1/../../../../arm-none-eabi/lib/thumb/v8-m.main+fp/hard/crt0.o (memset)
c:/st/stm32cubeide_1.9.0/stm32cubeide/plugins/com.st.stm32cube.ide.mcu.externaltools.gnu-tools-for-stm32.10.3-2021.10.win32_1.0.0.202111181127/tools/bin/../lib/gcc/arm-none-eabi/10.3.1/../../../../arm-none-eabi/lib/thumb/v8-m.main+fp/hard\libc_nano.a(lib_a-printf.o)
                              ./Drivers/BSP/motion_sensor.o (printf)
c:/st/stm32cubeide_1.9.0/stm32cubeide/plugins/com.st.stm32cube.ide.mcu.externaltools.gnu-tools-for-stm32.10.3-2021.10.win32_1.0.0.202111181127/tools/bin/../lib/gcc/arm-none-eabi/10.3.1/../../../../arm-none-eabi/lib/thumb/v8-m.main+fp/hard\libc_nano.a(lib_a-puts.o)
                              ./Drivers/BSP/motion_sensor.o (puts)
c:/st/stm32cubeide_1.9.0/stm32cubeide/plugins/com.st.stm32cube.ide.mcu.externaltools.gnu-tools-for-stm32.10.3-2021.10.win32_1.0.0.202111181127/tools/bin/../lib/gcc/arm-none-eabi/10.3.1/../../../../arm-none-eabi/lib/thumb/v8-m.main+fp/hard\libc_nano.a(lib_a-wbuf.o)
                              c:/st/stm32cubeide_1.9.0/stm32cubeide/plugins/com.st.stm32cube.ide.mcu.externaltools.gnu-tools-for-stm32.10.3-2021.10.win32_1.0.0.202111181127/tools/bin/../lib/gcc/arm-none-eabi/10.3.1/../../../../arm-none-eabi/lib/thumb/v8-m.main+fp/hard\libc_nano.a(lib_a-puts.o) (__swbuf_r)
c:/st/stm32cubeide_1.9.0/stm32cubeide/plugins/com.st.stm32cube.ide.mcu.externaltools.gnu-tools-for-stm32.10.3-2021.10.win32_1.0.0.202111181127/tools/bin/../lib/gcc/arm-none-eabi/10.3.1/../../../../arm-none-eabi/lib/thumb/v8-m.main+fp/hard\libc_nano.a(lib_a-wsetup.o)
                              c:/st/stm32cubeide_1.9.0/stm32cubeide/plugins/com.st.stm32cube.ide.mcu.externaltools.gnu-tools-for-stm32.10.3-2021.10.win32_1.0.0.202111181127/tools/bin/../lib/gcc/arm-none-eabi/10.3.1/../../../../arm-none-eabi/lib/thumb/v8-m.main+fp/hard\libc_nano.a(lib_a-puts.o) (__swsetup_r)
c:/st/stm32cubeide_1.9.0/stm32cubeide/plugins/com.st.stm32cube.ide.mcu.externaltools.gnu-tools-for-stm32.10.3-2021.10.win32_1.0.0.202111181127/tools/bin/../lib/gcc/arm-none-eabi/10.3.1/../../../../arm-none-eabi/lib/thumb/v8-m.main+fp/hard\libc_nano.a(lib_a-fflush.o)
[...]
Memory Configuration

Name             Origin             Length             Attributes
RAM              0x0000000020000000 0x00000000000c0000 xrw
SRAM4            0x0000000028000000 0x0000000000004000 xrw
FLASH            0x0000000008000000 0x0000000000200000 xr
*default*        0x0000000000000000 0xffffffffffffffff

Linker script and memory map

LOAD c:/st/stm32cubeide_1.9.0/stm32cubeide/plugins/com.st.stm32cube.ide.mcu.externaltools.gnu-tools-for-stm32.10.3-2021.10.win32_1.0.0.202111181127/tools/bin/../lib/gcc/arm-none-eabi/10.3.1/thumb/v8-m.main+fp/hard/crti.o
LOAD c:/st/stm32cubeide_1.9.0/stm32cubeide/plugins/com.st.stm32cube.ide.mcu.externaltools.gnu-tools-for-stm32.10.3-2021.10.win32_1.0.0.202111181127/tools/bin/../lib/gcc/arm-none-eabi/10.3.1/thumb/v8-m.main+fp/hard/crtbegin.o
LOAD c:/st/stm32cubeide_1.9.0/stm32cubeide/plugins/com.st.stm32cube.ide.mcu.externaltools.gnu-tools-for-stm32.10.3-2021.10.win32_1.0.0.202111181127/tools/bin/../lib/gcc/arm-none-eabi/10.3.1/../../../../arm-none-eabi/lib/thumb/v8-m.main+fp/hard/crt0.o
LOAD ./Core/Src/gpio.o
LOAD ./Core/Src/i2c.o
LOAD ./Core/Src/main.o
LOAD ./Core/Src/spi.o
LOAD ./Core/Src/stm32u5xx_hal_msp.o
LOAD ./Core/Src/stm32u5xx_it.o
LOAD ./Core/Src/syscalls.o
LOAD ./Core/Src/sysmem.o
LOAD ./Core/Src/system_stm32u5xx.o
LOAD ./Core/Src/usart.o
LOAD ./Core/Startup/startup_stm32u585aiixq.o
LOAD ./Drivers/BSP/motion_sensor.o
LOAD ./Drivers/STM32U5xx_HAL_Driver/Src/stm32u5xx_hal.o
LOAD ./Drivers/STM32U5xx_HAL_Driver/Src/stm32u5xx_hal_cortex.o
LOAD ./Drivers/STM32U5xx_HAL_Driver/Src/stm32u5xx_hal_dma.o
LOAD ./Drivers/STM32U5xx_HAL_Driver/Src/stm32u5xx_hal_dma_ex.o
LOAD ./Drivers/STM32U5xx_HAL_Driver/Src/stm32u5xx_hal_exti.o
LOAD ./Drivers/STM32U5xx_HAL_Driver/Src/stm32u5xx_hal_flash.o
LOAD ./Drivers/STM32U5xx_HAL_Driver/Src/stm32u5xx_hal_flash_ex.o
LOAD ./Drivers/STM32U5xx_HAL_Driver/Src/stm32u5xx_hal_gpio.o
LOAD ./Drivers/STM32U5xx_HAL_Driver/Src/stm32u5xx_hal_gtzc.o
LOAD ./Drivers/STM32U5xx_HAL_Driver/Src/stm32u5xx_hal_i2c.o
LOAD ./Drivers/STM32U5xx_HAL_Driver/Src/stm32u5xx_hal_i2c_ex.o
LOAD ./Drivers/STM32U5xx_HAL_Driver/Src/stm32u5xx_hal_icache.o
LOAD ./Drivers/STM32U5xx_HAL_Driver/Src/stm32u5xx_hal_pwr.o
LOAD ./Drivers/STM32U5xx_HAL_Driver/Src/stm32u5xx_hal_pwr_ex.o
LOAD ./Drivers/STM32U5xx_HAL_Driver/Src/stm32u5xx_hal_rcc.o
LOAD ./Drivers/STM32U5xx_HAL_Driver/Src/stm32u5xx_hal_rcc_ex.o
LOAD ./Drivers/STM32U5xx_HAL_Driver/Src/stm32u5xx_hal_spi.o
LOAD ./Drivers/STM32U5xx_HAL_Driver/Src/stm32u5xx_hal_spi_ex.o
LOAD ./Drivers/STM32U5xx_HAL_Driver/Src/stm32u5xx_hal_tim.o
LOAD ./Drivers/STM32U5xx_HAL_Driver/Src/stm32u5xx_hal_tim_ex.o
LOAD ./Drivers/STM32U5xx_HAL_Driver/Src/stm32u5xx_hal_uart.o
LOAD ./Drivers/STM32U5xx_HAL_Driver/Src/stm32u5xx_hal_uart_ex.o
LOAD ./Drivers/lis2mdl/lis2mdl.o
LOAD ./Drivers/lis2mdl/lis2mdl_reg.o
LOAD ./Drivers/lsm6dsox/lsm6dsox.o
LOAD ./Drivers/lsm6dsox/lsm6dsox_reg.o
START GROUP
LOAD c:/st/stm32cubeide_1.9.0/stm32cubeide/plugins/com.st.stm32cube.ide.mcu.externaltools.gnu-tools-for-stm32.10.3-2021.10.win32_1.0.0.202111181127/tools/bin/../lib/gcc/arm-none-eabi/10.3.1/../../../../arm-none-eabi/lib/thumb/v8-m.main+fp/hard\libc_nano.a
LOAD c:/st/stm32cubeide_1.9.0/stm32cubeide/plugins/com.st.stm32cube.ide.mcu.externaltools.gnu-tools-for-stm32.10.3-2021.10.win32_1.0.0.202111181127/tools/bin/../lib/gcc/arm-none-eabi/10.3.1/../../../../arm-none-eabi/lib/thumb/v8-m.main+fp/hard\libm.a
END GROUP
START GROUP
LOAD c:/st/stm32cubeide_1.9.0/stm32cubeide/plugins/com.st.stm32cube.ide.mcu.externaltools.gnu-tools-for-stm32.10.3-2021.10.win32_1.0.0.202111181127/tools/bin/../lib/gcc/arm-none-eabi/10.3.1/thumb/v8-m.main+fp/hard\libgcc.a
LOAD c:/st/stm32cubeide_1.9.0/stm32cubeide/plugins/com.st.stm32cube.ide.mcu.externaltools.gnu-tools-for-stm32.10.3-2021.10.win32_1.0.0.202111181127/tools/bin/../lib/gcc/arm-none-eabi/10.3.1/../../../../arm-none-eabi/lib/thumb/v8-m.main+fp/hard\libc_nano.a
END GROUP
START GROUP
LOAD c:/st/stm32cubeide_1.9.0/stm32cubeide/plugins/com.st.stm32cube.ide.mcu.externaltools.gnu-tools-for-stm32.10.3-2021.10.win32_1.0.0.202111181127/tools/bin/../lib/gcc/arm-none-eabi/10.3.1/thumb/v8-m.main+fp/hard\libgcc.a
LOAD c:/st/stm32cubeide_1.9.0/stm32cubeide/plugins/com.st.stm32cube.ide.mcu.externaltools.gnu-tools-for-stm32.10.3-2021.10.win32_1.0.0.202111181127/tools/bin/../lib/gcc/arm-none-eabi/10.3.1/../../../../arm-none-eabi/lib/thumb/v8-m.main+fp/hard\libc_nano.a
LOAD c:/st/stm32cubeide_1.9.0/stm32cubeide/plugins/com.st.stm32cube.ide.mcu.externaltools.gnu-tools-for-stm32.10.3-2021.10.win32_1.0.0.202111181127/tools/bin/../lib/gcc/arm-none-eabi/10.3.1/../../../../arm-none-eabi/lib/thumb/v8-m.main+fp/hard\libnosys.a
END GROUP
START GROUP
LOAD c:/st/stm32cubeide_1.9.0/stm32cubeide/plugins/com.st.stm32cube.ide.mcu.externaltools.gnu-tools-for-stm32.10.3-2021.10.win32_1.0.0.202111181127/tools/bin/../lib/gcc/arm-none-eabi/10.3.1/thumb/v8-m.main+fp/hard\libgcc.a
LOAD c:/st/stm32cubeide_1.9.0/stm32cubeide/plugins/com.st.stm32cube.ide.mcu.externaltools.gnu-tools-for-stm32.10.3-2021.10.win32_1.0.0.202111181127/tools/bin/../lib/gcc/arm-none-eabi/10.3.1/../../../../arm-none-eabi/lib/thumb/v8-m.main+fp/hard\libc_nano.a
LOAD c:/st/stm32cubeide_1.9.0/stm32cubeide/plugins/com.st.stm32cube.ide.mcu.externaltools.gnu-tools-for-stm32.10.3-2021.10.win32_1.0.0.202111181127/tools/bin/../lib/gcc/arm-none-eabi/10.3.1/../../../../arm-none-eabi/lib/thumb/v8-m.main+fp/hard\libnosys.a
END GROUP
LOAD c:/st/stm32cubeide_1.9.0/stm32cubeide/plugins/com.st.stm32cube.ide.mcu.externaltools.gnu-tools-for-stm32.10.3-2021.10.win32_1.0.0.202111181127/tools/bin/../lib/gcc/arm-none-eabi/10.3.1/thumb/v8-m.main+fp/hard/crtend.o
LOAD c:/st/stm32cubeide_1.9.0/stm32cubeide/plugins/com.st.stm32cube.ide.mcu.externaltools.gnu-tools-for-stm32.10.3-2021.10.win32_1.0.0.202111181127/tools/bin/../lib/gcc/arm-none-eabi/10.3.1/thumb/v8-m.main+fp/hard/crtn.o
                0x00000000200c0000                _estack = (ORIGIN (RAM) + LENGTH (RAM))
                0x0000000000000200                _Min_Heap_Size = 0x200
                0x0000000000000400                _Min_Stack_Size = 0x400

.isr_vector     0x0000000008000000      0x234
 *(.isr_vector)
 .isr_vector    0x0000000008000000      0x234 ./Core/Startup/startup_stm32u585aiixq.o
                0x0000000008000000                g_pfnVectors

.text           0x0000000008000234     0xd9b8
 *(.text)
 .text          0x0000000008000234       0x40 c:/st/stm32cubeide_1.9.0/stm32cubeide/plugins/com.st.stm32cube.ide.mcu.externaltools.gnu-tools-for-stm32.10.3-2021.10.win32_1.0.0.202111181127/tools/bin/../lib/gcc/arm-none-eabi/10.3.1/thumb/v8-m.main+fp/hard/crtbegin.o
 .text          0x0000000008000274       0x30 c:/st/stm32cubeide_1.9.0/stm32cubeide/plugins/com.st.stm32cube.ide.mcu.externaltools.gnu-tools-for-stm32.10.3-2021.10.win32_1.0.0.202111181127/tools/bin/../lib/gcc/arm-none-eabi/10.3.1/thumb/v8-m.main+fp/hard\libgcc.a(_aeabi_uldivmod.o)
                0x0000000008000274                __aeabi_uldivmod
 .text          0x00000000080002a4      0x2ec c:/st/stm32cubeide_1.9.0/stm32cubeide/plugins/com.st.stm32cube.ide.mcu.externaltools.gnu-tools-for-stm32.10.3-2021.10.win32_1.0.0.202111181127/tools/bin/../lib/gcc/arm-none-eabi/10.3.1/thumb/v8-m.main+fp/hard\libgcc.a(_udivmoddi4.o)
                0x00000000080002a4                __udivmoddi4
 .text          0x0000000008000590        0x4 c:/st/stm32cubeide_1.9.0/stm32cubeide/plugins/com.st.stm32cube.ide.mcu.externaltools.gnu-tools-for-stm32.10.3-2021.10.win32_1.0.0.202111181127/tools/bin/../lib/gcc/arm-none-eabi/10.3.1/thumb/v8-m.main+fp/hard\libgcc.a(_dvmd_tls.o)
                0x0000000008000590                __aeabi_idiv0
                0x0000000008000590                __aeabi_ldiv0
 *(.text*)
 .text.MX_GPIO_Init
                0x0000000008000594      0x16c ./Core/Src/gpio.o
                0x0000000008000594                MX_GPIO_Init
 .text.MX_I2C1_Init
                0x0000000008000700       0x80 ./Core/Src/i2c.o
                0x0000000008000700                MX_I2C1_Init
 .text.HAL_I2C_MspInit
                0x0000000008000780       0xd0 ./Core/Src/i2c.o
                0x0000000008000780                HAL_I2C_MspInit
 .text.main     0x0000000008000850       0x2a ./Core/Src/main.o
                0x0000000008000850                main
 .text.SystemClock_Config
                0x000000000800087a       0xb8 ./Core/Src/main.o
                0x000000000800087a                SystemClock_Config
 .text.SystemPower_Config
                0x0000000008000932       0x18 ./Core/Src/main.o
 .text.Error_Handler
                0x000000000800094a        0xa ./Core/Src/main.o
                0x000000000800094a                Error_Handler
 .text.MX_SPI1_Init
                0x0000000008000954       0xe0 ./Core/Src/spi.o
                0x0000000008000954                MX_SPI1_Init
 .text.HAL_SPI_MspInit
                0x0000000008000a34       0xd4 ./Core/Src/spi.o
                0x0000000008000a34                HAL_SPI_MspInit
 .text.HAL_MspInit
                0x0000000008000b08       0x34 ./Core/Src/stm32u5xx_hal_msp.o
                0x0000000008000b08                HAL_MspInit
 .text.NMI_Handler
                0x0000000008000b3c        0x6 ./Core/Src/stm32u5xx_it.o
                0x0000000008000b3c                NMI_Handler
 .text.HardFault_Handler
                0x0000000008000b42        0x6 ./Core/Src/stm32u5xx_it.o
                0x0000000008000b42                HardFault_Handler
 .text.MemManage_Handler
                0x0000000008000b48        0x6 ./Core/Src/stm32u5xx_it.o
                0x0000000008000b48                MemManage_Handler
 .text.BusFault_Handler
                0x0000000008000b4e        0x6 ./Core/Src/stm32u5xx_it.o
                0x0000000008000b4e                BusFault_Handler
 .text.UsageFault_Handler
                0x0000000008000b54        0x6 ./Core/Src/stm32u5xx_it.o
                0x0000000008000b54                UsageFault_Handler
 .text.SVC_Handler
                0x0000000008000b5a        0xe ./Core/Src/stm32u5xx_it.o
                0x0000000008000b5a                SVC_Handler
 .text.DebugMon_Handler
                0x0000000008000b68        0xe ./Core/Src/stm32u5xx_it.o
                0x0000000008000b68                DebugMon_Handler
 .text.PendSV_Handler
                0x0000000008000b76        0xe ./Core/Src/stm32u5xx_it.o
                0x0000000008000b76                PendSV_Handler
 .text.SysTick_Handler
                0x0000000008000b84        0xc ./Core/Src/stm32u5xx_it.o
                0x0000000008000b84                SysTick_Handler
 .text.EXTI7_IRQHandler
                0x0000000008000b90        0xe ./Core/Src/stm32u5xx_it.o
                0x0000000008000b90                EXTI7_IRQHandler
 .text.EXTI15_IRQHandler
                0x0000000008000b9e       0x10 ./Core/Src/stm32u5xx_it.o
                0x0000000008000b9e                EXTI15_IRQHandler
 .text._read    0x0000000008000bae       0x3a ./Core/Src/syscalls.o
                0x0000000008000bae                _read
 .text._write   0x0000000008000be8       0x38 ./Core/Src/syscalls.o
                0x0000000008000be8                _write
 .text._close   0x0000000008000c20       0x18 ./Core/Src/syscalls.o
                0x0000000008000c20                _close
 .text._fstat   0x0000000008000c38       0x20 ./Core/Src/syscalls.o
                0x0000000008000c38                _fstat
 .text._isatty  0x0000000008000c58       0x16 ./Core/Src/syscalls.o
                0x0000000008000c58                _isatty
 .text._lseek   0x0000000008000c6e       0x1a ./Core/Src/syscalls.o
                0x0000000008000c6e                _lseek
 .text._sbrk    0x0000000008000c88       0x6c ./Core/Src/sysmem.o
                0x0000000008000c88                _sbrk
 .text.SystemInit
                0x0000000008000cf4       0x70 ./Core/Src/system_stm32u5xx.o
                0x0000000008000cf4                SystemInit
 .text.MX_USART1_UART_Init
                0x0000000008000d64       0x98 ./Core/Src/usart.o
                0x0000000008000d64                MX_USART1_UART_Init
 .text.HAL_UART_MspInit
                0x0000000008000dfc       0xd0 ./Core/Src/usart.o
                0x0000000008000dfc                HAL_UART_MspInit
 .text.Reset_Handler
                0x0000000008000ecc       0x50 ./Core/Startup/startup_stm32u585aiixq.o
                0x0000000008000ecc                Reset_Handler
 .text.Default_Handler
                0x0000000008000f1c        0x2 ./Core/Startup/startup_stm32u585aiixq.o
                0x0000000008000f1c                EXTI2_IRQHandler
                0x0000000008000f1c                TIM8_TRG_COM_IRQHandler
                0x0000000008000f1c                TIM8_CC_IRQHandler
                0x0000000008000f1c                EXTI5_IRQHandler
                0x0000000008000f1c                FLASH_S_IRQHandler
                0x0000000008000f1c                EXTI13_IRQHandler
                0x0000000008000f1c                TIM1_CC_IRQHandler
                0x0000000008000f1c                TSC_IRQHandler
                0x0000000008000f1c                TAMP_IRQHandler
                0x0000000008000f1c                TIM6_IRQHandler
                0x0000000008000f1c                EXTI12_IRQHandler
                0x0000000008000f1c                CORDIC_IRQHandler
                0x0000000008000f1c                EXTI3_IRQHandler
                0x0000000008000f1c                LPTIM4_IRQHandler
                0x0000000008000f1c                GPDMA1_Channel5_IRQHandler
                0x0000000008000f1c                EXTI8_IRQHandler
                0x0000000008000f1c                LPTIM2_IRQHandler
                0x0000000008000f1c                I2C3_ER_IRQHandler
                0x0000000008000f1c                PWR_S3WU_IRQHandler
                0x0000000008000f1c                MDF1_FLT2_IRQHandler
                0x0000000008000f1c                LPDMA1_Channel3_IRQHandler
                0x0000000008000f1c                LPTIM3_IRQHandler
                0x0000000008000f1c                EXTI0_IRQHandler
                0x0000000008000f1c                I2C2_EV_IRQHandler
                0x0000000008000f1c                FPU_IRQHandler
                0x0000000008000f1c                GPDMA1_Channel3_IRQHandler
                0x0000000008000f1c                GPDMA1_Channel7_IRQHandler
                0x0000000008000f1c                MDF1_FLT4_IRQHandler
                0x0000000008000f1c                FDCAN1_IT1_IRQHandler
                0x0000000008000f1c                RAMCFG_IRQHandler
                0x0000000008000f1c                GPDMA1_Channel9_IRQHandler
                0x0000000008000f1c                DCACHE1_IRQHandler
                0x0000000008000f1c                SPI1_IRQHandler
                0x0000000008000f1c                OCTOSPI1_IRQHandler
                0x0000000008000f1c                GPDMA1_Channel2_IRQHandler
                0x0000000008000f1c                TIM8_UP_IRQHandler
                0x0000000008000f1c                RCC_S_IRQHandler
                0x0000000008000f1c                OCTOSPI2_IRQHandler
                0x0000000008000f1c                SAI2_IRQHandler
                0x0000000008000f1c                MDF1_FLT1_IRQHandler
                0x0000000008000f1c                ADC1_IRQHandler
                0x0000000008000f1c                PKA_IRQHandler
                0x0000000008000f1c                MDF1_FLT5_IRQHandler
                0x0000000008000f1c                TIM17_IRQHandler
                0x0000000008000f1c                USART3_IRQHandler
                0x0000000008000f1c                RTC_IRQHandler
                0x0000000008000f1c                EXTI9_IRQHandler
                0x0000000008000f1c                UART5_IRQHandler
                0x0000000008000f1c                TIM4_IRQHandler
                0x0000000008000f1c                I2C1_EV_IRQHandler
                0x0000000008000f1c                GPDMA1_Channel12_IRQHandler
                0x0000000008000f1c                GPDMA1_Channel1_IRQHandler
                0x0000000008000f1c                TIM16_IRQHandler
                0x0000000008000f1c                GPDMA1_Channel15_IRQHandler
                0x0000000008000f1c                UART4_IRQHandler
                0x0000000008000f1c                SecureFault_Handler
                0x0000000008000f1c                TIM3_IRQHandler
                0x0000000008000f1c                RCC_IRQHandler
                0x0000000008000f1c                TIM1_TRG_COM_IRQHandler
                0x0000000008000f1c                Default_Handler
                0x0000000008000f1c                GPDMA1_Channel8_IRQHandler
                0x0000000008000f1c                FMAC_IRQHandler
                0x0000000008000f1c                OTFDEC1_IRQHandler
                0x0000000008000f1c                GPDMA1_Channel11_IRQHandler
                0x0000000008000f1c                TIM7_IRQHandler
                0x0000000008000f1c                SDMMC1_IRQHandler
                0x0000000008000f1c                SAES_IRQHandler
                0x0000000008000f1c                TIM5_IRQHandler
                0x0000000008000f1c                UCPD1_IRQHandler
                0x0000000008000f1c                GPDMA1_Channel0_IRQHandler
                0x0000000008000f1c                TIM15_IRQHandler
                0x0000000008000f1c                I2C3_EV_IRQHandler
                0x0000000008000f1c                LPDMA1_Channel0_IRQHandler
                0x0000000008000f1c                PVD_PVM_IRQHandler
                0x0000000008000f1c                SPI2_IRQHandler
                0x0000000008000f1c                LPDMA1_Channel1_IRQHandler
                0x0000000008000f1c                EXTI14_IRQHandler
                0x0000000008000f1c                EXTI11_IRQHandler
                0x0000000008000f1c                OTFDEC2_IRQHandler
                0x0000000008000f1c                CRS_IRQHandler
                0x0000000008000f1c                GPDMA1_Channel14_IRQHandler
                0x0000000008000f1c                EXTI4_IRQHandler
                0x0000000008000f1c                RTC_S_IRQHandler
                0x0000000008000f1c                GPDMA1_Channel13_IRQHandler
                0x0000000008000f1c                RNG_IRQHandler
                0x0000000008000f1c                COMP_IRQHandler
                0x0000000008000f1c                TIM1_UP_IRQHandler
                0x0000000008000f1c                ADC4_IRQHandler
                0x0000000008000f1c                WWDG_IRQHandler
                0x0000000008000f1c                I2C4_EV_IRQHandler
                0x0000000008000f1c                ADF1_IRQHandler
                0x0000000008000f1c                IWDG_IRQHandler
                0x0000000008000f1c                LPUART1_IRQHandler
                0x0000000008000f1c                MDF1_FLT0_IRQHandler
                0x0000000008000f1c                FDCAN1_IT0_IRQHandler
                0x0000000008000f1c                TIM2_IRQHandler
                0x0000000008000f1c                GPDMA1_Channel4_IRQHandler
                0x0000000008000f1c                DMA2D_IRQHandler
                0x0000000008000f1c                TIM1_BRK_IRQHandler
                0x0000000008000f1c                EXTI1_IRQHandler
                0x0000000008000f1c                SDMMC2_IRQHandler
                0x0000000008000f1c                AES_IRQHandler
                0x0000000008000f1c                DAC1_IRQHandler
                0x0000000008000f1c                GTZC_IRQHandler
                0x0000000008000f1c                MDF1_FLT3_IRQHandler
                0x0000000008000f1c                USART2_IRQHandler
                0x0000000008000f1c                GPDMA1_Channel6_IRQHandler
                0x0000000008000f1c                I2C2_ER_IRQHandler
                0x0000000008000f1c                TIM8_BRK_IRQHandler
                0x0000000008000f1c                FLASH_IRQHandler
                0x0000000008000f1c                USART1_IRQHandler
                0x0000000008000f1c                EXTI10_IRQHandler
                0x0000000008000f1c                OTG_FS_IRQHandler
                0x0000000008000f1c                SPI3_IRQHandler
                0x0000000008000f1c                LPDMA1_Channel2_IRQHandler
                0x0000000008000f1c                I2C1_ER_IRQHandler
                0x0000000008000f1c                FMC_IRQHandler
                0x0000000008000f1c                EXTI6_IRQHandler
                0x0000000008000f1c                LPTIM1_IRQHandler
                0x0000000008000f1c                DCMI_PSSI_IRQHandler
                0x0000000008000f1c                I2C4_ER_IRQHandler
                0x0000000008000f1c                GPDMA1_Channel10_IRQHandler
                0x0000000008000f1c                ICACHE_IRQHandler
                0x0000000008000f1c                SAI1_IRQHandler
                0x0000000008000f1c                HASH_IRQHandler
 *fill*         0x0000000008000f1e        0x2 
 .text.spi_i2c_acc_gyro_setup
                0x0000000008000f20       0x50 ./Drivers/BSP/motion_sensor.o
                0x0000000008000f20                spi_i2c_acc_gyro_setup
 .text.spi_i2c_mag_setup
                0x0000000008000f70       0x48 ./Drivers/BSP/motion_sensor.o
                0x0000000008000f70                spi_i2c_mag_setup
 .text.mtn_read_sensorhub_reg
                0x0000000008000fb8      0x27e ./Drivers/BSP/motion_sensor.o
                0x0000000008000fb8                mtn_read_sensorhub_reg
 .text.mtn_write_sensorhub_reg
                0x0000000008001236      0x246 ./Drivers/BSP/motion_sensor.o
                0x0000000008001236                mtn_write_sensorhub_reg
 .text.mtn_acc_init
                0x000000000800147c       0x9e ./Drivers/BSP/motion_sensor.o
                0x000000000800147c                mtn_acc_init
 .text.mtn_gyro_init
                0x000000000800151a       0x9e ./Drivers/BSP/motion_sensor.o
                0x000000000800151a                mtn_gyro_init
 .text.reg_ret_status
                0x00000000080015b8       0x38 ./Drivers/BSP/motion_sensor.o
                0x00000000080015b8                reg_ret_status
 .text.mtn_snsr_delay
                0x00000000080015f0        0xe ./Drivers/BSP/motion_sensor.o
                0x00000000080015f0                mtn_snsr_delay
 *fill*         0x00000000080015fe        0x2 
 .text.mtn_acc_gyro_init
                0x0000000008001600       0xfc ./Drivers/BSP/motion_sensor.o
                0x0000000008001600                mtn_acc_gyro_init
 .text.mtn_acc_mode_set
                0x00000000080016fc      0x2b8 ./Drivers/BSP/motion_sensor.o
                0x00000000080016fc                mtn_acc_mode_set
 .text.mtn_gyro_mode_set
                0x00000000080019b4      0x104 ./Drivers/BSP/motion_sensor.o
                0x00000000080019b4                mtn_gyro_mode_set
 .text.mtn_mag_mode_set
                0x0000000008001ab8      0x120 ./Drivers/BSP/motion_sensor.o
                0x0000000008001ab8                mtn_mag_mode_set
 .text.check_mtn_acc_mode
                0x0000000008001bd8       0xd8 ./Drivers/BSP/motion_sensor.o
                0x0000000008001bd8                check_mtn_acc_mode
 .text.check_mtn_gyro_mode
                0x0000000008001cb0       0xa8 ./Drivers/BSP/motion_sensor.o
                0x0000000008001cb0                check_mtn_gyro_mode
 .text.check_mag_mode
                0x0000000008001d58       0x88 ./Drivers/BSP/motion_sensor.o
                0x0000000008001d58                check_mag_mode
 .text.mtn_mag_init
                0x0000000008001de0      0x170 ./Drivers/BSP/motion_sensor.o
                0x0000000008001de0                mtn_mag_init
 .text.mtn_bsp_init
                0x0000000008001f50       0x24 ./Drivers/BSP/motion_sensor.o
                0x0000000008001f50                mtn_bsp_init
 .text.mtn_acc_gyro_process
                0x0000000008001f74       0x9c ./Drivers/BSP/motion_sensor.o
                0x0000000008001f74                mtn_acc_gyro_process
 .text.mtn_mag_process
                0x0000000008002010       0x70 ./Drivers/BSP/motion_sensor.o
                0x0000000008002010                mtn_mag_process
 .text.mtn_mag_int_gen
                0x0000000008002080       0x74 ./Drivers/BSP/motion_sensor.o
                0x0000000008002080                mtn_mag_int_gen
 .text.mtn_bsp_process
                0x00000000080020f4       0x28 ./Drivers/BSP/motion_sensor.o
                0x00000000080020f4                mtn_bsp_process
 .text.i2c_read_8bit
                0x000000000800211c       0x70 ./Drivers/BSP/motion_sensor.o
                0x000000000800211c                i2c_read_8bit
 .text.i2c_write_8bit
                0x000000000800218c       0x5c ./Drivers/BSP/motion_sensor.o
                0x000000000800218c                i2c_write_8bit
 .text.HAL_GPIO_EXTI_Rising_Callback
                0x00000000080021e8      0x1d4 ./Drivers/BSP/motion_sensor.o
                0x00000000080021e8                HAL_GPIO_EXTI_Rising_Callback
 .text.__io_putchar
                0x00000000080023bc       0x24 ./Drivers/BSP/motion_sensor.o
                0x00000000080023bc                __io_putchar
 .text.HAL_Init
                0x00000000080023e0       0x5c ./Drivers/STM32U5xx_HAL_Driver/Src/stm32u5xx_hal.o
                0x00000000080023e0                HAL_Init
 .text.HAL_InitTick
                0x000000000800243c       0x6c ./Drivers/STM32U5xx_HAL_Driver/Src/stm32u5xx_hal.o
                0x000000000800243c                HAL_InitTick
 .text.HAL_IncTick
                0x00000000080024a8       0x28 ./Drivers/STM32U5xx_HAL_Driver/Src/stm32u5xx_hal.o
                0x00000000080024a8                HAL_IncTick
 .text.HAL_GetTick
                0x00000000080024d0       0x18 ./Drivers/STM32U5xx_HAL_Driver/Src/stm32u5xx_hal.o
                0x00000000080024d0                HAL_GetTick
 .text.HAL_Delay
                0x00000000080024e8       0x48 ./Drivers/STM32U5xx_HAL_Driver/Src/stm32u5xx_hal.o
                0x00000000080024e8                HAL_Delay
 .text.__NVIC_SetPriorityGrouping
                0x0000000008002530       0x48 ./Drivers/STM32U5xx_HAL_Driver/Src/stm32u5xx_hal_cortex.o
 .text.__NVIC_GetPriorityGrouping
                0x0000000008002578       0x1c ./Drivers/STM32U5xx_HAL_Driver/Src/stm32u5xx_hal_cortex.o
 .text.__NVIC_EnableIRQ
                0x0000000008002594       0x3c ./Drivers/STM32U5xx_HAL_Driver/Src/stm32u5xx_hal_cortex.o
 .text.__NVIC_DisableIRQ
                0x00000000080025d0       0x48 ./Drivers/STM32U5xx_HAL_Driver/Src/stm32u5xx_hal_cortex.o
 .text.__NVIC_SetPriority
                0x0000000008002618       0x54 ./Drivers/STM32U5xx_HAL_Driver/Src/stm32u5xx_hal_cortex.o
 .text.NVIC_EncodePriority
                0x000000000800266c       0x66 ./Drivers/STM32U5xx_HAL_Driver/Src/stm32u5xx_hal_cortex.o
 *fill*         0x00000000080026d2        0x2 
 .text.SysTick_Config
                0x00000000080026d4       0x44 ./Drivers/STM32U5xx_HAL_Driver/Src/stm32u5xx_hal_cortex.o
 .text.HAL_NVIC_SetPriorityGrouping
                0x0000000008002718       0x16 ./Drivers/STM32U5xx_HAL_Driver/Src/stm32u5xx_hal_cortex.o
                0x0000000008002718                HAL_NVIC_SetPriorityGrouping
 .text.HAL_NVIC_SetPriority
                0x000000000800272e       0x34 ./Drivers/STM32U5xx_HAL_Driver/Src/stm32u5xx_hal_cortex.o
                0x000000000800272e                HAL_NVIC_SetPriority
 .text.HAL_NVIC_EnableIRQ
                0x0000000008002762       0x1c ./Drivers/STM32U5xx_HAL_Driver/Src/stm32u5xx_hal_cortex.o
                0x0000000008002762                HAL_NVIC_EnableIRQ
 .text.HAL_NVIC_DisableIRQ
                0x000000000800277e       0x1c ./Drivers/STM32U5xx_HAL_Driver/Src/stm32u5xx_hal_cortex.o
                0x000000000800277e                HAL_NVIC_DisableIRQ
 .text.HAL_SYSTICK_Config
                0x000000000800279a       0x18 ./Drivers/STM32U5xx_HAL_Driver/Src/stm32u5xx_hal_cortex.o
                0x000000000800279a                HAL_SYSTICK_Config
 *fill*         0x00000000080027b2        0x2 
 .text.HAL_GPIO_Init
                0x00000000080027b4      0x3b0 ./Drivers/STM32U5xx_HAL_Driver/Src/stm32u5xx_hal_gpio.o
                0x00000000080027b4                HAL_GPIO_Init
 .text.HAL_GPIO_WritePin
                0x0000000008002b64       0x30 ./Drivers/STM32U5xx_HAL_Driver/Src/stm32u5xx_hal_gpio.o
                0x0000000008002b64                HAL_GPIO_WritePin
 .text.HAL_GPIO_EXTI_IRQHandler
                0x0000000008002b94       0x4c ./Drivers/STM32U5xx_HAL_Driver/Src/stm32u5xx_hal_gpio.o
                0x0000000008002b94                HAL_GPIO_EXTI_IRQHandler
 .text.HAL_GPIO_EXTI_Falling_Callback
                0x0000000008002be0       0x16 ./Drivers/STM32U5xx_HAL_Driver/Src/stm32u5xx_hal_gpio.o
                0x0000000008002be0                HAL_GPIO_EXTI_Falling_Callback
 .text.HAL_I2C_Init
                0x0000000008002bf6      0x11e ./Drivers/STM32U5xx_HAL_Driver/Src/stm32u5xx_hal_i2c.o
                0x0000000008002bf6                HAL_I2C_Init
 .text.HAL_I2C_Master_Transmit
                0x0000000008002d14      0x1e8 ./Drivers/STM32U5xx_HAL_Driver/Src/stm32u5xx_hal_i2c.o
                0x0000000008002d14                HAL_I2C_Master_Transmit
 .text.HAL_I2C_Master_Receive
                0x0000000008002efc      0x1ec ./Drivers/STM32U5xx_HAL_Driver/Src/stm32u5xx_hal_i2c.o
                0x0000000008002efc                HAL_I2C_Master_Receive
 .text.I2C_Flush_TXDR
                0x00000000080030e8       0x48 ./Drivers/STM32U5xx_HAL_Driver/Src/stm32u5xx_hal_i2c.o
 .text.I2C_WaitOnFlagUntilTimeout
                0x0000000008003130       0x80 ./Drivers/STM32U5xx_HAL_Driver/Src/stm32u5xx_hal_i2c.o
 .text.I2C_WaitOnTXISFlagUntilTimeout
                0x00000000080031b0       0x80 ./Drivers/STM32U5xx_HAL_Driver/Src/stm32u5xx_hal_i2c.o
 .text.I2C_WaitOnSTOPFlagUntilTimeout
                0x0000000008003230       0x78 ./Drivers/STM32U5xx_HAL_Driver/Src/stm32u5xx_hal_i2c.o
 .text.I2C_WaitOnRXNEFlagUntilTimeout
                0x00000000080032a8       0xf4 ./Drivers/STM32U5xx_HAL_Driver/Src/stm32u5xx_hal_i2c.o
 .text.I2C_IsErrorOccurred
                0x000000000800339c      0x1d8 ./Drivers/STM32U5xx_HAL_Driver/Src/stm32u5xx_hal_i2c.o
 .text.I2C_TransferConfig
                0x0000000008003574       0x64 ./Drivers/STM32U5xx_HAL_Driver/Src/stm32u5xx_hal_i2c.o
 .text.HAL_I2CEx_ConfigAnalogFilter
                0x00000000080035d8       0x96 ./Drivers/STM32U5xx_HAL_Driver/Src/stm32u5xx_hal_i2c_ex.o
                0x00000000080035d8                HAL_I2CEx_ConfigAnalogFilter
 .text.HAL_I2CEx_ConfigDigitalFilter
                0x000000000800366e       0x98 ./Drivers/STM32U5xx_HAL_Driver/Src/stm32u5xx_hal_i2c_ex.o
                0x000000000800366e                HAL_I2CEx_ConfigDigitalFilter
 *fill*         0x0000000008003706        0x2 
 .text.HAL_PWREx_ControlVoltageScaling
                0x0000000008003708       0xe8 ./Drivers/STM32U5xx_HAL_Driver/Src/stm32u5xx_hal_pwr_ex.o
                0x0000000008003708                HAL_PWREx_ControlVoltageScaling
 .text.HAL_PWREx_GetVoltageRange
                0x00000000080037f0       0x1c ./Drivers/STM32U5xx_HAL_Driver/Src/stm32u5xx_hal_pwr_ex.o
                0x00000000080037f0                HAL_PWREx_GetVoltageRange
 .text.HAL_PWREx_ConfigSupply
                0x000000000800380c       0xa0 ./Drivers/STM32U5xx_HAL_Driver/Src/stm32u5xx_hal_pwr_ex.o
                0x000000000800380c                HAL_PWREx_ConfigSupply
 .text.HAL_RCC_OscConfig
                0x00000000080038ac      0xdac ./Drivers/STM32U5xx_HAL_Driver/Src/stm32u5xx_hal_rcc.o
                0x00000000080038ac                HAL_RCC_OscConfig
 .text.HAL_RCC_ClockConfig
                0x0000000008004658      0x3e4 ./Drivers/STM32U5xx_HAL_Driver/Src/stm32u5xx_hal_rcc.o
                0x0000000008004658                HAL_RCC_ClockConfig
 .text.HAL_RCC_GetSysClockFreq
                0x0000000008004a3c      0x210 ./Drivers/STM32U5xx_HAL_Driver/Src/stm32u5xx_hal_rcc.o
                0x0000000008004a3c                HAL_RCC_GetSysClockFreq
 .text.HAL_RCC_GetHCLKFreq
                0x0000000008004c4c       0x34 ./Drivers/STM32U5xx_HAL_Driver/Src/stm32u5xx_hal_rcc.o
                0x0000000008004c4c                HAL_RCC_GetHCLKFreq
 .text.HAL_RCC_GetPCLK1Freq
                0x0000000008004c80       0x28 ./Drivers/STM32U5xx_HAL_Driver/Src/stm32u5xx_hal_rcc.o
                0x0000000008004c80                HAL_RCC_GetPCLK1Freq
 .text.HAL_RCC_GetPCLK2Freq
                0x0000000008004ca8       0x28 ./Drivers/STM32U5xx_HAL_Driver/Src/stm32u5xx_hal_rcc.o
                0x0000000008004ca8                HAL_RCC_GetPCLK2Freq
 .text.HAL_RCC_GetPCLK3Freq
                0x0000000008004cd0       0x28 ./Drivers/STM32U5xx_HAL_Driver/Src/stm32u5xx_hal_rcc.o
                0x0000000008004cd0                HAL_RCC_GetPCLK3Freq
 .text.RCC_SetFlashLatencyFromMSIRange
                0x0000000008004cf8      0x10c ./Drivers/STM32U5xx_HAL_Driver/Src/stm32u5xx_hal_rcc.o
 .text.HAL_RCCEx_PeriphCLKConfig
                0x0000000008004e04      0xb80 ./Drivers/STM32U5xx_HAL_Driver/Src/stm32u5xx_hal_rcc_ex.o
                0x0000000008004e04                HAL_RCCEx_PeriphCLKConfig
 .text.HAL_RCCEx_GetPLL1ClockFreq
                0x0000000008005984      0x2cc ./Drivers/STM32U5xx_HAL_Driver/Src/stm32u5xx_hal_rcc_ex.o
                0x0000000008005984                HAL_RCCEx_GetPLL1ClockFreq
 .text.HAL_RCCEx_GetPLL2ClockFreq
                0x0000000008005c50      0x2cc ./Drivers/STM32U5xx_HAL_Driver/Src/stm32u5xx_hal_rcc_ex.o
                0x0000000008005c50                HAL_RCCEx_GetPLL2ClockFreq
 .text.HAL_RCCEx_GetPLL3ClockFreq
                0x0000000008005f1c      0x2cc ./Drivers/STM32U5xx_HAL_Driver/Src/stm32u5xx_hal_rcc_ex.o
                0x0000000008005f1c                HAL_RCCEx_GetPLL3ClockFreq
 .text.HAL_RCCEx_GetPeriphCLKFreq
                0x00000000080061e8     0x1250 ./Drivers/STM32U5xx_HAL_Driver/Src/stm32u5xx_hal_rcc_ex.o
                0x00000000080061e8                HAL_RCCEx_GetPeriphCLKFreq
 .text.RCCEx_PLL2_Config
                0x0000000008007438      0x130 ./Drivers/STM32U5xx_HAL_Driver/Src/stm32u5xx_hal_rcc_ex.o
 .text.RCCEx_PLL3_Config
                0x0000000008007568      0x130 ./Drivers/STM32U5xx_HAL_Driver/Src/stm32u5xx_hal_rcc_ex.o
 .text.HAL_SPI_Init
                0x0000000008007698      0x1f0 ./Drivers/STM32U5xx_HAL_Driver/Src/stm32u5xx_hal_spi.o
                0x0000000008007698                HAL_SPI_Init
 .text.SPI_GetPacketSize
                0x0000000008007888       0x36 ./Drivers/STM32U5xx_HAL_Driver/Src/stm32u5xx_hal_spi.o
 .text.HAL_SPIEx_SetConfigAutonomousMode
                0x00000000080078be       0x82 ./Drivers/STM32U5xx_HAL_Driver/Src/stm32u5xx_hal_spi_ex.o
                0x00000000080078be                HAL_SPIEx_SetConfigAutonomousMode
 .text.HAL_UART_Init
                0x0000000008007940       0xa0 ./Drivers/STM32U5xx_HAL_Driver/Src/stm32u5xx_hal_uart.o
                0x0000000008007940                HAL_UART_Init
 .text.HAL_UART_Transmit
                0x00000000080079e0      0x14a ./Drivers/STM32U5xx_HAL_Driver/Src/stm32u5xx_hal_uart.o
                0x00000000080079e0                HAL_UART_Transmit
 *fill*         0x0000000008007b2a        0x2 
 .text.UART_SetConfig
                0x0000000008007b2c      0x344 ./Drivers/STM32U5xx_HAL_Driver/Src/stm32u5xx_hal_uart.o
                0x0000000008007b2c                UART_SetConfig
 .text.UART_AdvFeatureConfig
                0x0000000008007e70      0x144 ./Drivers/STM32U5xx_HAL_Driver/Src/stm32u5xx_hal_uart.o
                0x0000000008007e70                UART_AdvFeatureConfig
 .text.UART_CheckIdleState
                0x0000000008007fb4       0x96 ./Drivers/STM32U5xx_HAL_Driver/Src/stm32u5xx_hal_uart.o
                0x0000000008007fb4                UART_CheckIdleState
 .text.UART_WaitOnFlagUntilTimeout
                0x000000000800804a      0x190 ./Drivers/STM32U5xx_HAL_Driver/Src/stm32u5xx_hal_uart.o
                0x000000000800804a                UART_WaitOnFlagUntilTimeout
 .text.HAL_UARTEx_DisableFifoMode
                0x00000000080081da       0x72 ./Drivers/STM32U5xx_HAL_Driver/Src/stm32u5xx_hal_uart_ex.o
                0x00000000080081da                HAL_UARTEx_DisableFifoMode
 .text.HAL_UARTEx_SetTxFifoThreshold
                0x000000000800824c       0x7c ./Drivers/STM32U5xx_HAL_Driver/Src/stm32u5xx_hal_uart_ex.o
                0x000000000800824c                HAL_UARTEx_SetTxFifoThreshold
 .text.HAL_UARTEx_SetRxFifoThreshold
                0x00000000080082c8       0x7c ./Drivers/STM32U5xx_HAL_Driver/Src/stm32u5xx_hal_uart_ex.o
                0x00000000080082c8                HAL_UARTEx_SetRxFifoThreshold
 .text.UARTEx_SetNbDataToProcess
                0x0000000008008344       0x9c ./Drivers/STM32U5xx_HAL_Driver/Src/stm32u5xx_hal_uart_ex.o
 .text.LIS2MDL_Init
                0x00000000080083e0      0x10c ./Drivers/lis2mdl/lis2mdl.o
                0x00000000080083e0                LIS2MDL_Init
 .text.LIS2MDL_ReadID
                0x00000000080084ec       0x4c ./Drivers/lis2mdl/lis2mdl.o
                0x00000000080084ec                LIS2MDL_ReadID
 .text.LIS2MDL_MAG_Enable
                0x0000000008008538       0x84 ./Drivers/lis2mdl/lis2mdl.o
                0x0000000008008538                LIS2MDL_MAG_Enable
 .text.LIS2MDL_MAG_Disable
                0x00000000080085bc       0x86 ./Drivers/lis2mdl/lis2mdl.o
                0x00000000080085bc                LIS2MDL_MAG_Disable
 .text.LIS2MDL_MAG_GetSensitivity
                0x0000000008008642       0x20 ./Drivers/lis2mdl/lis2mdl.o
                0x0000000008008642                LIS2MDL_MAG_GetSensitivity
 .text.LIS2MDL_MAG_GetAxes
                0x0000000008008662      0x114 ./Drivers/lis2mdl/lis2mdl.o
                0x0000000008008662                LIS2MDL_MAG_GetAxes
 .text.LIS2MDL_Read_Reg
                0x0000000008008776       0x54 ./Drivers/lis2mdl/lis2mdl.o
                0x0000000008008776                LIS2MDL_Read_Reg
 .text.LIS2MDL_Write_Reg
                0x00000000080087ca       0x56 ./Drivers/lis2mdl/lis2mdl.o
                0x00000000080087ca                LIS2MDL_Write_Reg
 .text.LSM6DSOX_SENSORHUB_LIS2MDL_ReadShData
                0x0000000008008820      0x27e ./Drivers/lis2mdl/lis2mdl.o
 .text.LSM6DSOX_SENSORHUB_LIS2MDL_WriteShData
                0x0000000008008a9e      0x246 ./Drivers/lis2mdl/lis2mdl.o
 .text.lis2mdl_read_reg
                0x0000000008008ce4       0x30 ./Drivers/lis2mdl/lis2mdl_reg.o
                0x0000000008008ce4                lis2mdl_read_reg
 .text.lis2mdl_write_reg
                0x0000000008008d14       0x30 ./Drivers/lis2mdl/lis2mdl_reg.o
                0x0000000008008d14                lis2mdl_write_reg
 .text.lis2mdl_operating_mode_set
                0x0000000008008d44       0x4c ./Drivers/lis2mdl/lis2mdl_reg.o
                0x0000000008008d44                lis2mdl_operating_mode_set
 .text.lis2mdl_data_rate_set
                0x0000000008008d90       0x4c ./Drivers/lis2mdl/lis2mdl_reg.o
                0x0000000008008d90                lis2mdl_data_rate_set
 .text.lis2mdl_block_data_update_set
                0x0000000008008ddc       0x4c ./Drivers/lis2mdl/lis2mdl_reg.o
                0x0000000008008ddc                lis2mdl_block_data_update_set
 .text.lis2mdl_magnetic_raw_get
                0x0000000008008e28       0x96 ./Drivers/lis2mdl/lis2mdl_reg.o
                0x0000000008008e28                lis2mdl_magnetic_raw_get
 .text.lis2mdl_device_id_get
                0x0000000008008ebe       0x22 ./Drivers/lis2mdl/lis2mdl_reg.o
                0x0000000008008ebe                lis2mdl_device_id_get
 .text.lis2mdl_self_test_set
                0x0000000008008ee0       0x4c ./Drivers/lis2mdl/lis2mdl_reg.o
                0x0000000008008ee0                lis2mdl_self_test_set
 .text.LSM6DSOX_ReadID
                0x0000000008008f2c       0x2c ./Drivers/lsm6dsox/lsm6dsox.o
                0x0000000008008f2c                LSM6DSOX_ReadID
 .text.LSM6DSOX_ACC_Enable
                0x0000000008008f58       0x48 ./Drivers/lsm6dsox/lsm6dsox.o
                0x0000000008008f58                LSM6DSOX_ACC_Enable
 .text.LSM6DSOX_ACC_Disable
                0x0000000008008fa0       0x5e ./Drivers/lsm6dsox/lsm6dsox.o
                0x0000000008008fa0                LSM6DSOX_ACC_Disable
 *fill*         0x0000000008008ffe        0x2 
 .text.LSM6DSOX_ACC_GetSensitivity
                0x0000000008009000       0x8c ./Drivers/lsm6dsox/lsm6dsox.o
                0x0000000008009000                LSM6DSOX_ACC_GetSensitivity
 .text.LSM6DSOX_ACC_SetOutputDataRate
                0x000000000800908c       0x22 ./Drivers/lsm6dsox/lsm6dsox.o
                0x000000000800908c                LSM6DSOX_ACC_SetOutputDataRate
 *fill*         0x00000000080090ae        0x2 
 .text.LSM6DSOX_ACC_SetOutputDataRate_With_Mode
                0x00000000080090b0      0x330 ./Drivers/lsm6dsox/lsm6dsox.o
                0x00000000080090b0                LSM6DSOX_ACC_SetOutputDataRate_With_Mode
 .text.LSM6DSOX_ACC_SetFullScale
                0x00000000080093e0       0x50 ./Drivers/lsm6dsox/lsm6dsox.o
                0x00000000080093e0                LSM6DSOX_ACC_SetFullScale
 .text.LSM6DSOX_ACC_GetAxes
                0x0000000008009430       0xae ./Drivers/lsm6dsox/lsm6dsox.o
                0x0000000008009430                LSM6DSOX_ACC_GetAxes
 .text.LSM6DSOX_GYRO_Enable
                0x00000000080094de       0x48 ./Drivers/lsm6dsox/lsm6dsox.o
                0x00000000080094de                LSM6DSOX_GYRO_Enable
 .text.LSM6DSOX_GYRO_Disable
                0x0000000008009526       0x5e ./Drivers/lsm6dsox/lsm6dsox.o
                0x0000000008009526                LSM6DSOX_GYRO_Disable
 .text.LSM6DSOX_GYRO_GetSensitivity
                0x0000000008009584       0xa4 ./Drivers/lsm6dsox/lsm6dsox.o
                0x0000000008009584                LSM6DSOX_GYRO_GetSensitivity
 .text.LSM6DSOX_GYRO_SetFullScale
                0x0000000008009628       0x5e ./Drivers/lsm6dsox/lsm6dsox.o
                0x0000000008009628                LSM6DSOX_GYRO_SetFullScale
 .text.LSM6DSOX_GYRO_GetAxes
                0x0000000008009686       0xa8 ./Drivers/lsm6dsox/lsm6dsox.o
                0x0000000008009686                LSM6DSOX_GYRO_GetAxes
 .text.LSM6DSOX_Write_Reg
                0x000000000800972e       0x36 ./Drivers/lsm6dsox/lsm6dsox.o
                0x000000000800972e                LSM6DSOX_Write_Reg
 .text.LSM6DSOX_ACC_Enable_Pedometer
                0x0000000008009764       0xf4 ./Drivers/lsm6dsox/lsm6dsox.o
                0x0000000008009764                LSM6DSOX_ACC_Enable_Pedometer
 .text.LSM6DSOX_ACC_Step_Counter_Reset
                0x0000000008009858       0x28 ./Drivers/lsm6dsox/lsm6dsox.o
                0x0000000008009858                LSM6DSOX_ACC_Step_Counter_Reset
 .text.LSM6DSOX_ACC_Enable_Wake_Up_Detection
                0x0000000008009880      0x118 ./Drivers/lsm6dsox/lsm6dsox.o
                0x0000000008009880                LSM6DSOX_ACC_Enable_Wake_Up_Detection
 .text.LSM6DSOX_ACC_Set_Wake_Up_Threshold
                0x0000000008009998       0x30 ./Drivers/lsm6dsox/lsm6dsox.o
                0x0000000008009998                LSM6DSOX_ACC_Set_Wake_Up_Threshold
 .text.LSM6DSOX_ACC_SetOutputDataRate_When_Enabled
                0x00000000080099c8      0x130 ./Drivers/lsm6dsox/lsm6dsox.o
 .text.LSM6DSOX_ACC_SetOutputDataRate_When_Disabled
                0x0000000008009af8      0x120 ./Drivers/lsm6dsox/lsm6dsox.o
 .text.LSM6DSOX_Delay
                0x0000000008009c18       0x34 ./Drivers/lsm6dsox/lsm6dsox.o
 .text.LSM6DSOX_ACC_Enable_Inactivity_Detection
                0x0000000008009c4c      0x180 ./Drivers/lsm6dsox/lsm6dsox.o
                0x0000000008009c4c                LSM6DSOX_ACC_Enable_Inactivity_Detection
 .text.lsm6dsox_read_reg
                0x0000000008009dcc       0x30 ./Drivers/lsm6dsox/lsm6dsox_reg.o
                0x0000000008009dcc                lsm6dsox_read_reg
 .text.lsm6dsox_write_reg
                0x0000000008009dfc       0x30 ./Drivers/lsm6dsox/lsm6dsox_reg.o
                0x0000000008009dfc                lsm6dsox_write_reg
 .text.lsm6dsox_xl_full_scale_set
                0x0000000008009e2c       0x4c ./Drivers/lsm6dsox/lsm6dsox_reg.o
                0x0000000008009e2c                lsm6dsox_xl_full_scale_set
 .text.lsm6dsox_xl_full_scale_get
                0x0000000008009e78       0x70 ./Drivers/lsm6dsox/lsm6dsox_reg.o
                0x0000000008009e78                lsm6dsox_xl_full_scale_get
 .text.lsm6dsox_xl_data_rate_set
                0x0000000008009ee8      0x2e8 ./Drivers/lsm6dsox/lsm6dsox_reg.o
                0x0000000008009ee8                lsm6dsox_xl_data_rate_set
 .text.lsm6dsox_xl_data_rate_get
                0x000000000800a1d0       0xd0 ./Drivers/lsm6dsox/lsm6dsox_reg.o
                0x000000000800a1d0                lsm6dsox_xl_data_rate_get
 .text.lsm6dsox_gy_full_scale_set
                0x000000000800a2a0       0x4c ./Drivers/lsm6dsox/lsm6dsox_reg.o
                0x000000000800a2a0                lsm6dsox_gy_full_scale_set
 .text.lsm6dsox_gy_full_scale_get
                0x000000000800a2ec       0x84 ./Drivers/lsm6dsox/lsm6dsox_reg.o
                0x000000000800a2ec                lsm6dsox_gy_full_scale_get
 .text.lsm6dsox_gy_data_rate_set
                0x000000000800a370      0x2e8 ./Drivers/lsm6dsox/lsm6dsox_reg.o
                0x000000000800a370                lsm6dsox_gy_data_rate_set
 .text.lsm6dsox_gy_data_rate_get
                0x000000000800a658       0xc4 ./Drivers/lsm6dsox/lsm6dsox_reg.o
                0x000000000800a658                lsm6dsox_gy_data_rate_get
 .text.lsm6dsox_block_data_update_set
                0x000000000800a71c       0x4c ./Drivers/lsm6dsox/lsm6dsox_reg.o
                0x000000000800a71c                lsm6dsox_block_data_update_set
 .text.lsm6dsox_angular_rate_raw_get
                0x000000000800a768       0x96 ./Drivers/lsm6dsox/lsm6dsox_reg.o
                0x000000000800a768                lsm6dsox_angular_rate_raw_get
 .text.lsm6dsox_acceleration_raw_get
                0x000000000800a7fe       0x96 ./Drivers/lsm6dsox/lsm6dsox_reg.o
                0x000000000800a7fe                lsm6dsox_acceleration_raw_get
 .text.lsm6dsox_steps_reset
                0x000000000800a894       0x60 ./Drivers/lsm6dsox/lsm6dsox_reg.o
                0x000000000800a894                lsm6dsox_steps_reset
 .text.lsm6dsox_mem_bank_set
                0x000000000800a8f4       0x4c ./Drivers/lsm6dsox/lsm6dsox_reg.o
                0x000000000800a8f4                lsm6dsox_mem_bank_set
 .text.lsm6dsox_ln_pg_write_byte
                0x000000000800a940      0x116 ./Drivers/lsm6dsox/lsm6dsox_reg.o
                0x000000000800a940                lsm6dsox_ln_pg_write_byte
 .text.lsm6dsox_ln_pg_read_byte
                0x000000000800aa56      0x116 ./Drivers/lsm6dsox/lsm6dsox_reg.o
                0x000000000800aa56                lsm6dsox_ln_pg_read_byte
 .text.lsm6dsox_device_id_get
                0x000000000800ab6c       0x22 ./Drivers/lsm6dsox/lsm6dsox_reg.o
                0x000000000800ab6c                lsm6dsox_device_id_get
 .text.lsm6dsox_auto_increment_set
                0x000000000800ab8e       0x4c ./Drivers/lsm6dsox/lsm6dsox_reg.o
                0x000000000800ab8e                lsm6dsox_auto_increment_set
 .text.lsm6dsox_i3c_disable_set
                0x000000000800abda       0x8c ./Drivers/lsm6dsox/lsm6dsox_reg.o
                0x000000000800abda                lsm6dsox_i3c_disable_set
 .text.lsm6dsox_wkup_threshold_set
                0x000000000800ac66       0x4c ./Drivers/lsm6dsox/lsm6dsox_reg.o
                0x000000000800ac66                lsm6dsox_wkup_threshold_set
 .text.lsm6dsox_wkup_dur_set
                0x000000000800acb2       0x4c ./Drivers/lsm6dsox/lsm6dsox_reg.o
                0x000000000800acb2                lsm6dsox_wkup_dur_set
 .text.lsm6dsox_act_mode_set
                0x000000000800acfe       0x4c ./Drivers/lsm6dsox/lsm6dsox_reg.o
                0x000000000800acfe                lsm6dsox_act_mode_set
 .text.lsm6dsox_act_sleep_dur_set
                0x000000000800ad4a       0x4c ./Drivers/lsm6dsox/lsm6dsox_reg.o
                0x000000000800ad4a                lsm6dsox_act_sleep_dur_set
 .text.lsm6dsox_fifo_mode_set
                0x000000000800ad96       0x4c ./Drivers/lsm6dsox/lsm6dsox_reg.o
                0x000000000800ad96                lsm6dsox_fifo_mode_set
 .text.lsm6dsox_pedo_sens_set
                0x000000000800ade2       0x64 ./Drivers/lsm6dsox/lsm6dsox_reg.o
                0x000000000800ade2                lsm6dsox_pedo_sens_set
 .text.lsm6dsox_pedo_debounce_steps_set
                0x000000000800ae46       0x22 ./Drivers/lsm6dsox/lsm6dsox_reg.o
                0x000000000800ae46                lsm6dsox_pedo_debounce_steps_set
 .text.lsm6dsox_fsm_enable_get
                0x000000000800ae68       0x42 ./Drivers/lsm6dsox/lsm6dsox_reg.o
                0x000000000800ae68                lsm6dsox_fsm_enable_get
 *fill*         0x000000000800aeaa        0x2 
 .text.lsm6dsox_fsm_data_rate_get
                0x000000000800aeac       0x90 ./Drivers/lsm6dsox/lsm6dsox_reg.o
                0x000000000800aeac                lsm6dsox_fsm_data_rate_get
 .text.lsm6dsox_mlc_data_rate_get
                0x000000000800af3c       0x90 ./Drivers/lsm6dsox/lsm6dsox_reg.o
                0x000000000800af3c                lsm6dsox_mlc_data_rate_get
 .text.lsm6dsox_pin_int1_route_set
                0x000000000800afcc      0x854 ./Drivers/lsm6dsox/lsm6dsox_reg.o
                0x000000000800afcc                lsm6dsox_pin_int1_route_set
 .text.lsm6dsox_pin_int1_route_get
                0x000000000800b820      0x468 ./Drivers/lsm6dsox/lsm6dsox_reg.o
                0x000000000800b820                lsm6dsox_pin_int1_route_get
 .text.lsm6dsox_pin_int2_route_set
                0x000000000800bc88      0x7c6 ./Drivers/lsm6dsox/lsm6dsox_reg.o
                0x000000000800bc88                lsm6dsox_pin_int2_route_set
 .text.lsm6dsox_pin_int2_route_get
                0x000000000800c44e      0x490 ./Drivers/lsm6dsox/lsm6dsox_reg.o
                0x000000000800c44e                lsm6dsox_pin_int2_route_get
 .text.lsm6dsox_embedded_sens_set
                0x000000000800c8de       0xf2 ./Drivers/lsm6dsox/lsm6dsox_reg.o
                0x000000000800c8de                lsm6dsox_embedded_sens_set
 .text.lsm6dsox_embedded_sens_get
                0x000000000800c9d0       0xc6 ./Drivers/lsm6dsox/lsm6dsox_reg.o
                0x000000000800c9d0                lsm6dsox_embedded_sens_get
 .text.lsm6dsox_embedded_sens_off
                0x000000000800ca96       0xb4 ./Drivers/lsm6dsox/lsm6dsox_reg.o
                0x000000000800ca96                lsm6dsox_embedded_sens_off
 *fill*         0x000000000800cb4a        0x2 
 .text.__errno  0x000000000800cb4c        0xc c:/st/stm32cubeide_1.9.0/stm32cubeide/plugins/com.st.stm32cube.ide.mcu.externaltools.gnu-tools-for-stm32.10.3-2021.10.win32_1.0.0.202111181127/tools/bin/../lib/gcc/arm-none-eabi/10.3.1/../../../../arm-none-eabi/lib/thumb/v8-m.main+fp/hard\libc_nano.a(lib_a-errno.o)
                0x000000000800cb4c                __errno
 .text.__libc_init_array
                0x000000000800cb58       0x48 c:/st/stm32cubeide_1.9.0/stm32cubeide/plugins/com.st.stm32cube.ide.mcu.externaltools.gnu-tools-for-stm32.10.3-2021.10.win32_1.0.0.202111181127/tools/bin/../lib/gcc/arm-none-eabi/10.3.1/../../../../arm-none-eabi/lib/thumb/v8-m.main+fp/hard\libc_nano.a(lib_a-init.o)
                0x000000000800cb58                __libc_init_array
 .text.memset   0x000000000800cba0       0x10 c:/st/stm32cubeide_1.9.0/stm32cubeide/plugins/com.st.stm32cube.ide.mcu.externaltools.gnu-tools-for-stm32.10.3-2021.10.win32_1.0.0.202111181127/tools/bin/../lib/gcc/arm-none-eabi/10.3.1/../../../../arm-none-eabi/lib/thumb/v8-m.main+fp/hard\libc_nano.a(lib_a-memset.o)
                0x000000000800cba0                memset
 .text.printf   0x000000000800cbb0       0x30 c:/st/stm32cubeide_1.9.0/stm32cubeide/plugins/com.st.stm32cube.ide.mcu.externaltools.gnu-tools-for-stm32.10.3-2021.10.win32_1.0.0.202111181127/tools/bin/../lib/gcc/arm-none-eabi/10.3.1/../../../../arm-none-eabi/lib/thumb/v8-m.main+fp/hard\libc_nano.a(lib_a-printf.o)
                0x000000000800cbb0                iprintf
                0x000000000800cbb0                printf
 .text._puts_r  0x000000000800cbe0       0xdc c:/st/stm32cubeide_1.9.0/stm32cubeide/plugins/com.st.stm32cube.ide.mcu.externaltools.gnu-tools-for-stm32.10.3-2021.10.win32_1.0.0.202111181127/tools/bin/../lib/gcc/arm-none-eabi/10.3.1/../../../../arm-none-eabi/lib/thumb/v8-m.main+fp/hard\libc_nano.a(lib_a-puts.o)
                0x000000000800cbe0                _puts_r
 .text.puts     0x000000000800ccbc       0x10 c:/st/stm32cubeide_1.9.0/stm32cubeide/plugins/com.st.stm32cube.ide.mcu.externaltools.gnu-tools-for-stm32.10.3-2021.10.win32_1.0.0.202111181127/tools/bin/../lib/gcc/arm-none-eabi/10.3.1/../../../../arm-none-eabi/lib/thumb/v8-m.main+fp/hard\libc_nano.a(lib_a-puts.o)
                0x000000000800ccbc                puts
 .text.__swbuf_r
                0x000000000800cccc       0xa4 c:/st/stm32cubeide_1.9.0/stm32cubeide/plugins/com.st.stm32cube.ide.mcu.externaltools.gnu-tools-for-stm32.10.3-2021.10.win32_1.0.0.202111181127/tools/bin/../lib/gcc/arm-none-eabi/10.3.1/../../../../arm-none-eabi/lib/thumb/v8-m.main+fp/hard\libc_nano.a(lib_a-wbuf.o)
                0x000000000800cccc                __swbuf_r
 .text.__swsetup_r
                0x000000000800cd70       0xdc c:/st/stm32cubeide_1.9.0/stm32cubeide/plugins/com.st.stm32cube.ide.mcu.externaltools.gnu-tools-for-stm32.10.3-2021.10.win32_1.0.0.202111181127/tools/bin/../lib/gcc/arm-none-eabi/10.3.1/../../../../arm-none-eabi/lib/thumb/v8-m.main+fp/hard\libc_nano.a(lib_a-wsetup.o)
                0x000000000800cd70                __swsetup_r
 .text.__sflush_r
                0x000000000800ce4c      0x108 c:/st/stm32cubeide_1.9.0/stm32cubeide/plugins/com.st.stm32cube.ide.mcu.externaltools.gnu-tools-for-stm32.10.3-2021.10.win32_1.0.0.202111181127/tools/bin/../lib/gcc/arm-none-eabi/10.3.1/../../../../arm-none-eabi/lib/thumb/v8-m.main+fp/hard\libc_nano.a(lib_a-fflush.o)
                0x000000000800ce4c                __sflush_r
 .text._fflush_r
                0x000000000800cf54       0x78 c:/st/stm32cubeide_1.9.0/stm32cubeide/plugins/com.st.stm32cube.ide.mcu.externaltools.gnu-tools-for-stm32.10.3-2021.10.win32_1.0.0.202111181127/tools/bin/../lib/gcc/arm-none-eabi/10.3.1/../../../../arm-none-eabi/lib/thumb/v8-m.main+fp/hard\libc_nano.a(lib_a-fflush.o)
                0x000000000800cf54                _fflush_r
 .text.std      0x000000000800cfcc       0x48 c:/st/stm32cubeide_1.9.0/stm32cubeide/plugins/com.st.stm32cube.ide.mcu.externaltools.gnu-tools-for-stm32.10.3-2021.10.win32_1.0.0.202111181127/tools/bin/../lib/gcc/arm-none-eabi/10.3.1/../../../../arm-none-eabi/lib/thumb/v8-m.main+fp/hard\libc_nano.a(lib_a-findfp.o)
 .text._cleanup_r
                0x000000000800d014        0xc c:/st/stm32cubeide_1.9.0/stm32cubeide/plugins/com.st.stm32cube.ide.mcu.externaltools.gnu-tools-for-stm32.10.3-2021.10.win32_1.0.0.202111181127/tools/bin/../lib/gcc/arm-none-eabi/10.3.1/../../../../arm-none-eabi/lib/thumb/v8-m.main+fp/hard\libc_nano.a(lib_a-findfp.o)
                0x000000000800d014                _cleanup_r
 .text.__sfmoreglue
                0x000000000800d020       0x2c c:/st/stm32cubeide_1.9.0/stm32cubeide/plugins/com.st.stm32cube.ide.mcu.externaltools.gnu-tools-for-stm32.10.3-2021.10.win32_1.0.0.202111181127/tools/bin/../lib/gcc/arm-none-eabi/10.3.1/../../../../arm-none-eabi/lib/thumb/v8-m.main+fp/hard\libc_nano.a(lib_a-findfp.o)
                0x000000000800d020                __sfmoreglue
 .text.__sfp_lock_acquire
                0x000000000800d04c        0xc c:/st/stm32cubeide_1.9.0/stm32cubeide/plugins/com.st.stm32cube.ide.mcu.externaltools.gnu-tools-for-stm32.10.3-2021.10.win32_1.0.0.202111181127/tools/bin/../lib/gcc/arm-none-eabi/10.3.1/../../../../arm-none-eabi/lib/thumb/v8-m.main+fp/hard\libc_nano.a(lib_a-findfp.o)
                0x000000000800d04c                __sfp_lock_acquire
 .text.__sfp_lock_release
                0x000000000800d058        0xc c:/st/stm32cubeide_1.9.0/stm32cubeide/plugins/com.st.stm32cube.ide.mcu.externaltools.gnu-tools-for-stm32.10.3-2021.10.win32_1.0.0.202111181127/tools/bin/../lib/gcc/arm-none-eabi/10.3.1/../../../../arm-none-eabi/lib/thumb/v8-m.main+fp/hard\libc_nano.a(lib_a-findfp.o)
                0x000000000800d058                __sfp_lock_release
 .text.__sinit_lock_acquire
                0x000000000800d064        0xc c:/st/stm32cubeide_1.9.0/stm32cubeide/plugins/com.st.stm32cube.ide.mcu.externaltools.gnu-tools-for-stm32.10.3-2021.10.win32_1.0.0.202111181127/tools/bin/../lib/gcc/arm-none-eabi/10.3.1/../../../../arm-none-eabi/lib/thumb/v8-m.main+fp/hard\libc_nano.a(lib_a-findfp.o)
                0x000000000800d064                __sinit_lock_acquire
 .text.__sinit_lock_release
                0x000000000800d070        0xc c:/st/stm32cubeide_1.9.0/stm32cubeide/plugins/com.st.stm32cube.ide.mcu.externaltools.gnu-tools-for-stm32.10.3-2021.10.win32_1.0.0.202111181127/tools/bin/../lib/gcc/arm-none-eabi/10.3.1/../../../../arm-none-eabi/lib/thumb/v8-m.main+fp/hard\libc_nano.a(lib_a-findfp.o)
                0x000000000800d070                __sinit_lock_release
 .text.__sinit  0x000000000800d07c       0x70 c:/st/stm32cubeide_1.9.0/stm32cubeide/plugins/com.st.stm32cube.ide.mcu.externaltools.gnu-tools-for-stm32.10.3-2021.10.win32_1.0.0.202111181127/tools/bin/../lib/gcc/arm-none-eabi/10.3.1/../../../../arm-none-eabi/lib/thumb/v8-m.main+fp/hard\libc_nano.a(lib_a-findfp.o)
                0x000000000800d07c                __sinit
 .text.__sfp    0x000000000800d0ec       0x8c c:/st/stm32cubeide_1.9.0/stm32cubeide/plugins/com.st.stm32cube.ide.mcu.externaltools.gnu-tools-for-stm32.10.3-2021.10.win32_1.0.0.202111181127/tools/bin/../lib/gcc/arm-none-eabi/10.3.1/../../../../arm-none-eabi/lib/thumb/v8-m.main+fp/hard\libc_nano.a(lib_a-findfp.o)
                0x000000000800d0ec                __sfp
 .text._fwalk_reent
                0x000000000800d178       0x3e c:/st/stm32cubeide_1.9.0/stm32cubeide/plugins/com.st.stm32cube.ide.mcu.externaltools.gnu-tools-for-stm32.10.3-2021.10.win32_1.0.0.202111181127/tools/bin/../lib/gcc/arm-none-eabi/10.3.1/../../../../arm-none-eabi/lib/thumb/v8-m.main+fp/hard\libc_nano.a(lib_a-fwalk.o)
                0x000000000800d178                _fwalk_reent
 .text.__retarget_lock_init_recursive
                0x000000000800d1b6        0x2 c:/st/stm32cubeide_1.9.0/stm32cubeide/plugins/com.st.stm32cube.ide.mcu.externaltools.gnu-tools-for-stm32.10.3-2021.10.win32_1.0.0.202111181127/tools/bin/../lib/gcc/arm-none-eabi/10.3.1/../../../../arm-none-eabi/lib/thumb/v8-m.main+fp/hard\libc_nano.a(lib_a-lock.o)
                0x000000000800d1b6                __retarget_lock_init_recursive
 .text.__retarget_lock_acquire_recursive
                0x000000000800d1b8        0x2 c:/st/stm32cubeide_1.9.0/stm32cubeide/plugins/com.st.stm32cube.ide.mcu.externaltools.gnu-tools-for-stm32.10.3-2021.10.win32_1.0.0.202111181127/tools/bin/../lib/gcc/arm-none-eabi/10.3.1/../../../../arm-none-eabi/lib/thumb/v8-m.main+fp/hard\libc_nano.a(lib_a-lock.o)
                0x000000000800d1b8                __retarget_lock_acquire_recursive
 .text.__retarget_lock_release_recursive
                0x000000000800d1ba        0x2 c:/st/stm32cubeide_1.9.0/stm32cubeide/plugins/com.st.stm32cube.ide.mcu.externaltools.gnu-tools-for-stm32.10.3-2021.10.win32_1.0.0.202111181127/tools/bin/../lib/gcc/arm-none-eabi/10.3.1/../../../../arm-none-eabi/lib/thumb/v8-m.main+fp/hard\libc_nano.a(lib_a-lock.o)
                0x000000000800d1ba                __retarget_lock_release_recursive
 .text.__swhatbuf_r
                0x000000000800d1bc       0x4a c:/st/stm32cubeide_1.9.0/stm32cubeide/plugins/com.st.stm32cube.ide.mcu.externaltools.gnu-tools-for-stm32.10.3-2021.10.win32_1.0.0.202111181127/tools/bin/../lib/gcc/arm-none-eabi/10.3.1/../../../../arm-none-eabi/lib/thumb/v8-m.main+fp/hard\libc_nano.a(lib_a-makebuf.o)
                0x000000000800d1bc                __swhatbuf_r
 *fill*         0x000000000800d206        0x2 
 .text.__smakebuf_r
                0x000000000800d208       0x80 c:/st/stm32cubeide_1.9.0/stm32cubeide/plugins/com.st.stm32cube.ide.mcu.externaltools.gnu-tools-for-stm32.10.3-2021.10.win32_1.0.0.202111181127/tools/bin/../lib/gcc/arm-none-eabi/10.3.1/../../../../arm-none-eabi/lib/thumb/v8-m.main+fp/hard\libc_nano.a(lib_a-makebuf.o)
                0x000000000800d208                __smakebuf_r
 .text._free_r  0x000000000800d288       0x98 c:/st/stm32cubeide_1.9.0/stm32cubeide/plugins/com.st.stm32cube.ide.mcu.externaltools.gnu-tools-for-stm32.10.3-2021.10.win32_1.0.0.202111181127/tools/bin/../lib/gcc/arm-none-eabi/10.3.1/../../../../arm-none-eabi/lib/thumb/v8-m.main+fp/hard\libc_nano.a(lib_a-nano-freer.o)
                0x000000000800d288                _free_r
 .text.sbrk_aligned
                0x000000000800d320       0x40 c:/st/stm32cubeide_1.9.0/stm32cubeide/plugins/com.st.stm32cube.ide.mcu.externaltools.gnu-tools-for-stm32.10.3-2021.10.win32_1.0.0.202111181127/tools/bin/../lib/gcc/arm-none-eabi/10.3.1/../../../../arm-none-eabi/lib/thumb/v8-m.main+fp/hard\libc_nano.a(lib_a-nano-mallocr.o)
 .text._malloc_r
                0x000000000800d360       0xe8 c:/st/stm32cubeide_1.9.0/stm32cubeide/plugins/com.st.stm32cube.ide.mcu.externaltools.gnu-tools-for-stm32.10.3-2021.10.win32_1.0.0.202111181127/tools/bin/../lib/gcc/arm-none-eabi/10.3.1/../../../../arm-none-eabi/lib/thumb/v8-m.main+fp/hard\libc_nano.a(lib_a-nano-mallocr.o)
                0x000000000800d360                _malloc_r
 .text.__sfputc_r
                0x000000000800d448       0x2e c:/st/stm32cubeide_1.9.0/stm32cubeide/plugins/com.st.stm32cube.ide.mcu.externaltools.gnu-tools-for-stm32.10.3-2021.10.win32_1.0.0.202111181127/tools/bin/../lib/gcc/arm-none-eabi/10.3.1/../../../../arm-none-eabi/lib/thumb/v8-m.main+fp/hard\libc_nano.a(lib_a-nano-vfprintf.o)
 .text.__sfputs_r
                0x000000000800d476       0x24 c:/st/stm32cubeide_1.9.0/stm32cubeide/plugins/com.st.stm32cube.ide.mcu.externaltools.gnu-tools-for-stm32.10.3-2021.10.win32_1.0.0.202111181127/tools/bin/../lib/gcc/arm-none-eabi/10.3.1/../../../../arm-none-eabi/lib/thumb/v8-m.main+fp/hard\libc_nano.a(lib_a-nano-vfprintf.o)
                0x000000000800d476                __sfputs_r
 *fill*         0x000000000800d49a        0x2 
 .text._vfprintf_r
                0x000000000800d49c      0x260 c:/st/stm32cubeide_1.9.0/stm32cubeide/plugins/com.st.stm32cube.ide.mcu.externaltools.gnu-tools-for-stm32.10.3-2021.10.win32_1.0.0.202111181127/tools/bin/../lib/gcc/arm-none-eabi/10.3.1/../../../../arm-none-eabi/lib/thumb/v8-m.main+fp/hard\libc_nano.a(lib_a-nano-vfprintf.o)
                0x000000000800d49c                _vfprintf_r
                0x000000000800d49c                _vfiprintf_r
 .text._printf_common
                0x000000000800d6fc       0xe0 c:/st/stm32cubeide_1.9.0/stm32cubeide/plugins/com.st.stm32cube.ide.mcu.externaltools.gnu-tools-for-stm32.10.3-2021.10.win32_1.0.0.202111181127/tools/bin/../lib/gcc/arm-none-eabi/10.3.1/../../../../arm-none-eabi/lib/thumb/v8-m.main+fp/hard\libc_nano.a(lib_a-nano-vfprintf_i.o)
                0x000000000800d6fc                _printf_common
 .text._printf_i
                0x000000000800d7dc      0x24c c:/st/stm32cubeide_1.9.0/stm32cubeide/plugins/com.st.stm32cube.ide.mcu.externaltools.gnu-tools-for-stm32.10.3-2021.10.win32_1.0.0.202111181127/tools/bin/../lib/gcc/arm-none-eabi/10.3.1/../../../../arm-none-eabi/lib/thumb/v8-m.main+fp/hard\libc_nano.a(lib_a-nano-vfprintf_i.o)
                0x000000000800d7dc                _printf_i
 .text._sbrk_r  0x000000000800da28       0x20 c:/st/stm32cubeide_1.9.0/stm32cubeide/plugins/com.st.stm32cube.ide.mcu.externaltools.gnu-tools-for-stm32.10.3-2021.10.win32_1.0.0.202111181127/tools/bin/../lib/gcc/arm-none-eabi/10.3.1/../../../../arm-none-eabi/lib/thumb/v8-m.main+fp/hard\libc_nano.a(lib_a-sbrkr.o)
                0x000000000800da28                _sbrk_r
 .text.__sread  0x000000000800da48       0x22 c:/st/stm32cubeide_1.9.0/stm32cubeide/plugins/com.st.stm32cube.ide.mcu.externaltools.gnu-tools-for-stm32.10.3-2021.10.win32_1.0.0.202111181127/tools/bin/../lib/gcc/arm-none-eabi/10.3.1/../../../../arm-none-eabi/lib/thumb/v8-m.main+fp/hard\libc_nano.a(lib_a-stdio.o)
                0x000000000800da48                __sread
 .text.__swrite
                0x000000000800da6a       0x38 c:/st/stm32cubeide_1.9.0/stm32cubeide/plugins/com.st.stm32cube.ide.mcu.externaltools.gnu-tools-for-stm32.10.3-2021.10.win32_1.0.0.202111181127/tools/bin/../lib/gcc/arm-none-eabi/10.3.1/../../../../arm-none-eabi/lib/thumb/v8-m.main+fp/hard\libc_nano.a(lib_a-stdio.o)
                0x000000000800da6a                __swrite
 .text.__sseek  0x000000000800daa2       0x24 c:/st/stm32cubeide_1.9.0/stm32cubeide/plugins/com.st.stm32cube.ide.mcu.externaltools.gnu-tools-for-stm32.10.3-2021.10.win32_1.0.0.202111181127/tools/bin/../lib/gcc/arm-none-eabi/10.3.1/../../../../arm-none-eabi/lib/thumb/v8-m.main+fp/hard\libc_nano.a(lib_a-stdio.o)
                0x000000000800daa2                __sseek
 .text.__sclose
                0x000000000800dac6        0x8 c:/st/stm32cubeide_1.9.0/stm32cubeide/plugins/com.st.stm32cube.ide.mcu.externaltools.gnu-tools-for-stm32.10.3-2021.10.win32_1.0.0.202111181127/tools/bin/../lib/gcc/arm-none-eabi/10.3.1/../../../../arm-none-eabi/lib/thumb/v8-m.main+fp/hard\libc_nano.a(lib_a-stdio.o)
                0x000000000800dac6                __sclose
 *fill*         0x000000000800dace        0x2 
 .text._write_r
                0x000000000800dad0       0x24 c:/st/stm32cubeide_1.9.0/stm32cubeide/plugins/com.st.stm32cube.ide.mcu.externaltools.gnu-tools-for-stm32.10.3-2021.10.win32_1.0.0.202111181127/tools/bin/../lib/gcc/arm-none-eabi/10.3.1/../../../../arm-none-eabi/lib/thumb/v8-m.main+fp/hard\libc_nano.a(lib_a-writer.o)
                0x000000000800dad0                _write_r
 .text._close_r
                0x000000000800daf4       0x20 c:/st/stm32cubeide_1.9.0/stm32cubeide/plugins/com.st.stm32cube.ide.mcu.externaltools.gnu-tools-for-stm32.10.3-2021.10.win32_1.0.0.202111181127/tools/bin/../lib/gcc/arm-none-eabi/10.3.1/../../../../arm-none-eabi/lib/thumb/v8-m.main+fp/hard\libc_nano.a(lib_a-closer.o)
                0x000000000800daf4                _close_r
 .text._fstat_r
                0x000000000800db14       0x24 c:/st/stm32cubeide_1.9.0/stm32cubeide/plugins/com.st.stm32cube.ide.mcu.externaltools.gnu-tools-for-stm32.10.3-2021.10.win32_1.0.0.202111181127/tools/bin/../lib/gcc/arm-none-eabi/10.3.1/../../../../arm-none-eabi/lib/thumb/v8-m.main+fp/hard\libc_nano.a(lib_a-fstatr.o)
                0x000000000800db14                _fstat_r
 .text._isatty_r
                0x000000000800db38       0x20 c:/st/stm32cubeide_1.9.0/stm32cubeide/plugins/com.st.stm32cube.ide.mcu.externaltools.gnu-tools-for-stm32.10.3-2021.10.win32_1.0.0.202111181127/tools/bin/../lib/gcc/arm-none-eabi/10.3.1/../../../../arm-none-eabi/lib/thumb/v8-m.main+fp/hard\libc_nano.a(lib_a-isattyr.o)
                0x000000000800db38                _isatty_r
 .text._lseek_r
                0x000000000800db58       0x24 c:/st/stm32cubeide_1.9.0/stm32cubeide/plugins/com.st.stm32cube.ide.mcu.externaltools.gnu-tools-for-stm32.10.3-2021.10.win32_1.0.0.202111181127/tools/bin/../lib/gcc/arm-none-eabi/10.3.1/../../../../arm-none-eabi/lib/thumb/v8-m.main+fp/hard\libc_nano.a(lib_a-lseekr.o)
                0x000000000800db58                _lseek_r
 .text.memchr   0x000000000800db7c       0x1c c:/st/stm32cubeide_1.9.0/stm32cubeide/plugins/com.st.stm32cube.ide.mcu.externaltools.gnu-tools-for-stm32.10.3-2021.10.win32_1.0.0.202111181127/tools/bin/../lib/gcc/arm-none-eabi/10.3.1/../../../../arm-none-eabi/lib/thumb/v8-m.main+fp/hard\libc_nano.a(lib_a-memchr-stub.o)
                0x000000000800db7c                memchr
 .text.__malloc_lock
                0x000000000800db98        0xc c:/st/stm32cubeide_1.9.0/stm32cubeide/plugins/com.st.stm32cube.ide.mcu.externaltools.gnu-tools-for-stm32.10.3-2021.10.win32_1.0.0.202111181127/tools/bin/../lib/gcc/arm-none-eabi/10.3.1/../../../../arm-none-eabi/lib/thumb/v8-m.main+fp/hard\libc_nano.a(lib_a-mlock.o)
                0x000000000800db98                __malloc_lock
 .text.__malloc_unlock
                0x000000000800dba4        0xc c:/st/stm32cubeide_1.9.0/stm32cubeide/plugins/com.st.stm32cube.ide.mcu.externaltools.gnu-tools-for-stm32.10.3-2021.10.win32_1.0.0.202111181127/tools/bin/../lib/gcc/arm-none-eabi/10.3.1/../../../../arm-none-eabi/lib/thumb/v8-m.main+fp/hard\libc_nano.a(lib_a-mlock.o)
                0x000000000800dba4                __malloc_unlock
 .text._read_r  0x000000000800dbb0       0x24 c:/st/stm32cubeide_1.9.0/stm32cubeide/plugins/com.st.stm32cube.ide.mcu.externaltools.gnu-tools-for-stm32.10.3-2021.10.win32_1.0.0.202111181127/tools/bin/../lib/gcc/arm-none-eabi/10.3.1/../../../../arm-none-eabi/lib/thumb/v8-m.main+fp/hard\libc_nano.a(lib_a-readr.o)
                0x000000000800dbb0                _read_r
 *(.glue_7)
 .glue_7        0x000000000800dbd4        0x0 linker stubs
 *(.glue_7t)
 .glue_7t       0x000000000800dbd4        0x0 linker stubs
 *(.eh_frame)
 .eh_frame      0x000000000800dbd4        0x0 c:/st/stm32cubeide_1.9.0/stm32cubeide/plugins/com.st.stm32cube.ide.mcu.externaltools.gnu-tools-for-stm32.10.3-2021.10.win32_1.0.0.202111181127/tools/bin/../lib/gcc/arm-none-eabi/10.3.1/thumb/v8-m.main+fp/hard/crtbegin.o
 *(.init)
 .init          0x000000000800dbd4        0x4 c:/st/stm32cubeide_1.9.0/stm32cubeide/plugins/com.st.stm32cube.ide.mcu.externaltools.gnu-tools-for-stm32.10.3-2021.10.win32_1.0.0.202111181127/tools/bin/../lib/gcc/arm-none-eabi/10.3.1/thumb/v8-m.main+fp/hard/crti.o
                0x000000000800dbd4                _init
 .init          0x000000000800dbd8        0x8 c:/st/stm32cubeide_1.9.0/stm32cubeide/plugins/com.st.stm32cube.ide.mcu.externaltools.gnu-tools-for-stm32.10.3-2021.10.win32_1.0.0.202111181127/tools/bin/../lib/gcc/arm-none-eabi/10.3.1/thumb/v8-m.main+fp/hard/crtn.o
 *(.fini)
 .fini          0x000000000800dbe0        0x4 c:/st/stm32cubeide_1.9.0/stm32cubeide/plugins/com.st.stm32cube.ide.mcu.externaltools.gnu-tools-for-stm32.10.3-2021.10.win32_1.0.0.202111181127/tools/bin/../lib/gcc/arm-none-eabi/10.3.1/thumb/v8-m.main+fp/hard/crti.o
                0x000000000800dbe0                _fini
 .fini          0x000000000800dbe4        0x8 c:/st/stm32cubeide_1.9.0/stm32cubeide/plugins/com.st.stm32cube.ide.mcu.externaltools.gnu-tools-for-stm32.10.3-2021.10.win32_1.0.0.202111181127/tools/bin/../lib/gcc/arm-none-eabi/10.3.1/thumb/v8-m.main+fp/hard/crtn.o
                0x000000000800dbec                _etext = .

.vfp11_veneer   0x000000000800dbec        0x0
 .vfp11_veneer  0x000000000800dbec        0x0 linker stubs

.v4_bx          0x000000000800dbec        0x0
 .v4_bx         0x000000000800dbec        0x0 linker stubs

.iplt           0x000000000800dbec        0x0
 .iplt          0x000000000800dbec        0x0 c:/st/stm32cubeide_1.9.0/stm32cubeide/plugins/com.st.stm32cube.ide.mcu.externaltools.gnu-tools-for-stm32.10.3-2021.10.win32_1.0.0.202111181127/tools/bin/../lib/gcc/arm-none-eabi/10.3.1/thumb/v8-m.main+fp/hard/crtbegin.o

.rodata         0x000000000800dbec      0x3e7
 *(.rodata)
 .rodata        0x000000000800dbec      0x24f ./Drivers/BSP/motion_sensor.o
 *(.rodata*)
 *fill*         0x000000000800de3b        0x1 
 .rodata.AHBPrescTable
                0x000000000800de3c       0x10 ./Core/Src/system_stm32u5xx.o
                0x000000000800de3c                AHBPrescTable
 .rodata.APBPrescTable
                0x000000000800de4c        0x8 ./Core/Src/system_stm32u5xx.o
                0x000000000800de4c                APBPrescTable
 .rodata.MSIRangeTable
                0x000000000800de54       0x40 ./Core/Src/system_stm32u5xx.o
                0x000000000800de54                MSIRangeTable
 .rodata.LPGPIO_Map
                0x000000000800de94       0x80 ./Drivers/STM32U5xx_HAL_Driver/Src/stm32u5xx_hal_gpio.o
 .rodata.UARTPrescTable
                0x000000000800df14       0x18 ./Drivers/STM32U5xx_HAL_Driver/Src/stm32u5xx_hal_uart.o
                0x000000000800df14                UARTPrescTable
 .rodata.numerator.1
                0x000000000800df2c        0x8 ./Drivers/STM32U5xx_HAL_Driver/Src/stm32u5xx_hal_uart_ex.o
 .rodata.denominator.0
                0x000000000800df34        0x8 ./Drivers/STM32U5xx_HAL_Driver/Src/stm32u5xx_hal_uart_ex.o
 .rodata._global_impure_ptr
                0x000000000800df3c        0x4 c:/st/stm32cubeide_1.9.0/stm32cubeide/plugins/com.st.stm32cube.ide.mcu.externaltools.gnu-tools-for-stm32.10.3-2021.10.win32_1.0.0.202111181127/tools/bin/../lib/gcc/arm-none-eabi/10.3.1/../../../../arm-none-eabi/lib/thumb/v8-m.main+fp/hard\libc_nano.a(lib_a-impure.o)
                0x000000000800df3c                _global_impure_ptr
 .rodata.__sf_fake_stderr
                0x000000000800df40       0x20 c:/st/stm32cubeide_1.9.0/stm32cubeide/plugins/com.st.stm32cube.ide.mcu.externaltools.gnu-tools-for-stm32.10.3-2021.10.win32_1.0.0.202111181127/tools/bin/../lib/gcc/arm-none-eabi/10.3.1/../../../../arm-none-eabi/lib/thumb/v8-m.main+fp/hard\libc_nano.a(lib_a-findfp.o)
                0x000000000800df40                __sf_fake_stderr
 .rodata.__sf_fake_stdin
                0x000000000800df60       0x20 c:/st/stm32cubeide_1.9.0/stm32cubeide/plugins/com.st.stm32cube.ide.mcu.externaltools.gnu-tools-for-stm32.10.3-2021.10.win32_1.0.0.202111181127/tools/bin/../lib/gcc/arm-none-eabi/10.3.1/../../../../arm-none-eabi/lib/thumb/v8-m.main+fp/hard\libc_nano.a(lib_a-findfp.o)
                0x000000000800df60                __sf_fake_stdin
 .rodata.__sf_fake_stdout
                0x000000000800df80       0x20 c:/st/stm32cubeide_1.9.0/stm32cubeide/plugins/com.st.stm32cube.ide.mcu.externaltools.gnu-tools-for-stm32.10.3-2021.10.win32_1.0.0.202111181127/tools/bin/../lib/gcc/arm-none-eabi/10.3.1/../../../../arm-none-eabi/lib/thumb/v8-m.main+fp/hard\libc_nano.a(lib_a-findfp.o)
                0x000000000800df80                __sf_fake_stdout
 .rodata._vfprintf_r.str1.1
                0x000000000800dfa0       0x11 c:/st/stm32cubeide_1.9.0/stm32cubeide/plugins/com.st.stm32cube.ide.mcu.externaltools.gnu-tools-for-stm32.10.3-2021.10.win32_1.0.0.202111181127/tools/bin/../lib/gcc/arm-none-eabi/10.3.1/../../../../arm-none-eabi/lib/thumb/v8-m.main+fp/hard\libc_nano.a(lib_a-nano-vfprintf.o)
 .rodata._printf_i.str1.1
                0x000000000800dfb1       0x22 c:/st/stm32cubeide_1.9.0/stm32cubeide/plugins/com.st.stm32cube.ide.mcu.externaltools.gnu-tools-for-stm32.10.3-2021.10.win32_1.0.0.202111181127/tools/bin/../lib/gcc/arm-none-eabi/10.3.1/../../../../arm-none-eabi/lib/thumb/v8-m.main+fp/hard\libc_nano.a(lib_a-nano-vfprintf_i.o)

.ARM.extab
 *(.ARM.extab* .gnu.linkonce.armextab.*)

.ARM            0x000000000800dfd4        0x8
                0x000000000800dfd4                __exidx_start = .
 *(.ARM.exidx*)
 .ARM.exidx     0x000000000800dfd4        0x8 c:/st/stm32cubeide_1.9.0/stm32cubeide/plugins/com.st.stm32cube.ide.mcu.externaltools.gnu-tools-for-stm32.10.3-2021.10.win32_1.0.0.202111181127/tools/bin/../lib/gcc/arm-none-eabi/10.3.1/thumb/v8-m.main+fp/hard\libgcc.a(_udivmoddi4.o)
                0x000000000800dfdc                __exidx_end = .

.rel.dyn        0x000000000800dfdc        0x0
 .rel.iplt      0x000000000800dfdc        0x0 c:/st/stm32cubeide_1.9.0/stm32cubeide/plugins/com.st.stm32cube.ide.mcu.externaltools.gnu-tools-for-stm32.10.3-2021.10.win32_1.0.0.202111181127/tools/bin/../lib/gcc/arm-none-eabi/10.3.1/thumb/v8-m.main+fp/hard/crtbegin.o

.preinit_array  0x000000000800dfdc        0x0
                0x000000000800dfdc                PROVIDE (__preinit_array_start = .)
 *(.preinit_array*)
                0x000000000800dfdc                PROVIDE (__preinit_array_end = .)

.init_array     0x000000000800dfdc        0x4
                0x000000000800dfdc                PROVIDE (__init_array_start = .)
 *(SORT_BY_NAME(.init_array.*))
 *(.init_array*)
 .init_array    0x000000000800dfdc        0x4 c:/st/stm32cubeide_1.9.0/stm32cubeide/plugins/com.st.stm32cube.ide.mcu.externaltools.gnu-tools-for-stm32.10.3-2021.10.win32_1.0.0.202111181127/tools/bin/../lib/gcc/arm-none-eabi/10.3.1/thumb/v8-m.main+fp/hard/crtbegin.o
                0x000000000800dfe0                PROVIDE (__init_array_end = .)

.fini_array     0x000000000800dfe0        0x4
                [!provide]                        PROVIDE (__fini_array_start = .)
 *(SORT_BY_NAME(.fini_array.*))
 *(.fini_array*)
 .fini_array    0x000000000800dfe0        0x4 c:/st/stm32cubeide_1.9.0/stm32cubeide/plugins/com.st.stm32cube.ide.mcu.externaltools.gnu-tools-for-stm32.10.3-2021.10.win32_1.0.0.202111181127/tools/bin/../lib/gcc/arm-none-eabi/10.3.1/thumb/v8-m.main+fp/hard/crtbegin.o
                [!provide]                        PROVIDE (__fini_array_end = .)
                0x000000000800dfe4                _sidata = LOADADDR (.data)

.data           0x0000000020000000       0x74 load address 0x000000000800dfe4
                0x0000000020000000                _sdata = .
 *(.data)
 *(.data*)
 .data.SystemCoreClock
                0x0000000020000000        0x4 ./Core/Src/system_stm32u5xx.o
                0x0000000020000000                SystemCoreClock
 .data.DevAddr  0x0000000020000004        0x1 ./Drivers/BSP/motion_sensor.o
                0x0000000020000004                DevAddr
 .data.acc_gyro_rst_val
                0x0000000020000005        0x1 ./Drivers/BSP/motion_sensor.o
                0x0000000020000005                acc_gyro_rst_val
 .data.ctrl_4   0x0000000020000006        0x1 ./Drivers/BSP/motion_sensor.o
                0x0000000020000006                ctrl_4
 *fill*         0x0000000020000007        0x1 
 .data.uwTickPrio
                0x0000000020000008        0x4 ./Drivers/STM32U5xx_HAL_Driver/Src/stm32u5xx_hal.o
                0x0000000020000008                uwTickPrio
 .data.uwTickFreq
                0x000000002000000c        0x1 ./Drivers/STM32U5xx_HAL_Driver/Src/stm32u5xx_hal.o
                0x000000002000000c                uwTickFreq
 *fill*         0x000000002000000d        0x3 
 .data._impure_ptr
                0x0000000020000010        0x4 c:/st/stm32cubeide_1.9.0/stm32cubeide/plugins/com.st.stm32cube.ide.mcu.externaltools.gnu-tools-for-stm32.10.3-2021.10.win32_1.0.0.202111181127/tools/bin/../lib/gcc/arm-none-eabi/10.3.1/../../../../arm-none-eabi/lib/thumb/v8-m.main+fp/hard\libc_nano.a(lib_a-impure.o)
                0x0000000020000010                _impure_ptr
 .data.impure_data
                0x0000000020000014       0x60 c:/st/stm32cubeide_1.9.0/stm32cubeide/plugins/com.st.stm32cube.ide.mcu.externaltools.gnu-tools-for-stm32.10.3-2021.10.win32_1.0.0.202111181127/tools/bin/../lib/gcc/arm-none-eabi/10.3.1/../../../../arm-none-eabi/lib/thumb/v8-m.main+fp/hard\libc_nano.a(lib_a-impure.o)
 *(.RamFunc)
 *(.RamFunc*)
                0x0000000020000074                _edata = .

.igot.plt       0x0000000020000074        0x0 load address 0x000000000800e058
 .igot.plt      0x0000000020000074        0x0 c:/st/stm32cubeide_1.9.0/stm32cubeide/plugins/com.st.stm32cube.ide.mcu.externaltools.gnu-tools-for-stm32.10.3-2021.10.win32_1.0.0.202111181127/tools/bin/../lib/gcc/arm-none-eabi/10.3.1/thumb/v8-m.main+fp/hard/crtbegin.o

.bss            0x0000000020000074      0x234 load address 0x000000000800e058
                0x0000000020000074                _sbss = .
                0x0000000020000074                __bss_start__ = _sbss
 *(.bss)
 .bss           0x0000000020000074       0x1c c:/st/stm32cubeide_1.9.0/stm32cubeide/plugins/com.st.stm32cube.ide.mcu.externaltools.gnu-tools-for-stm32.10.3-2021.10.win32_1.0.0.202111181127/tools/bin/../lib/gcc/arm-none-eabi/10.3.1/thumb/v8-m.main+fp/hard/crtbegin.o
 *(.bss*)
 .bss.hi2c1     0x0000000020000090       0x4c ./Core/Src/i2c.o
                0x0000000020000090                hi2c1
 .bss.hspi1     0x00000000200000dc       0x90 ./Core/Src/spi.o
                0x00000000200000dc                hspi1
 .bss.__sbrk_heap_end
                0x000000002000016c        0x4 ./Core/Src/sysmem.o
 .bss.huart1    0x0000000020000170       0x90 ./Core/Src/usart.o
                0x0000000020000170                huart1
 .bss.pObj      0x0000000020000200        0x4 ./Drivers/BSP/motion_sensor.o
                0x0000000020000200                pObj
 .bss.obj       0x0000000020000204       0x30 ./Drivers/BSP/motion_sensor.o
                0x0000000020000204                obj
 .bss.xl_axes   0x0000000020000234        0xc ./Drivers/BSP/motion_sensor.o
                0x0000000020000234                xl_axes
 .bss.g_axes    0x0000000020000240        0xc ./Drivers/BSP/motion_sensor.o
                0x0000000020000240                g_axes
 .bss.mObj      0x000000002000024c        0x4 ./Drivers/BSP/motion_sensor.o
                0x000000002000024c                mObj
 .bss.mag       0x0000000020000250       0x2c ./Drivers/BSP/motion_sensor.o
                0x0000000020000250                mag
 .bss.mag_axes  0x000000002000027c        0xc ./Drivers/BSP/motion_sensor.o
                0x000000002000027c                mag_axes
 .bss.lsm6dsox_ID
                0x0000000020000288        0x1 ./Drivers/BSP/motion_sensor.o
 .bss.lis2mdl_ID
                0x0000000020000289        0x1 ./Drivers/BSP/motion_sensor.o
 .bss.counter   0x000000002000028a        0x2 ./Drivers/BSP/motion_sensor.o
                0x000000002000028a                counter
 .bss.threshold
                0x000000002000028c        0x4 ./Drivers/BSP/motion_sensor.o
                0x000000002000028c                threshold
 .bss.flag      0x0000000020000290        0x1 ./Drivers/BSP/motion_sensor.o
                0x0000000020000290                flag
 .bss.int_flag  0x0000000020000291        0x1 ./Drivers/BSP/motion_sensor.o
                0x0000000020000291                int_flag
 .bss.pw_dn     0x0000000020000292        0x1 ./Drivers/BSP/motion_sensor.o
                0x0000000020000292                pw_dn
 .bss.dben_set  0x0000000020000293        0x1 ./Drivers/BSP/motion_sensor.o
                0x0000000020000293                dben_set
 .bss.uwTick    0x0000000020000294        0x4 ./Drivers/STM32U5xx_HAL_Driver/Src/stm32u5xx_hal.o
                0x0000000020000294                uwTick
 .bss.__lock___malloc_recursive_mutex
                0x0000000020000298        0x1 c:/st/stm32cubeide_1.9.0/stm32cubeide/plugins/com.st.stm32cube.ide.mcu.externaltools.gnu-tools-for-stm32.10.3-2021.10.win32_1.0.0.202111181127/tools/bin/../lib/gcc/arm-none-eabi/10.3.1/../../../../arm-none-eabi/lib/thumb/v8-m.main+fp/hard\libc_nano.a(lib_a-lock.o)
                0x0000000020000298                __lock___malloc_recursive_mutex
 .bss.__lock___sfp_recursive_mutex
                0x0000000020000299        0x1 c:/st/stm32cubeide_1.9.0/stm32cubeide/plugins/com.st.stm32cube.ide.mcu.externaltools.gnu-tools-for-stm32.10.3-2021.10.win32_1.0.0.202111181127/tools/bin/../lib/gcc/arm-none-eabi/10.3.1/../../../../arm-none-eabi/lib/thumb/v8-m.main+fp/hard\libc_nano.a(lib_a-lock.o)
                0x0000000020000299                __lock___sfp_recursive_mutex
 .bss.__lock___sinit_recursive_mutex
                0x000000002000029a        0x1 c:/st/stm32cubeide_1.9.0/stm32cubeide/plugins/com.st.stm32cube.ide.mcu.externaltools.gnu-tools-for-stm32.10.3-2021.10.win32_1.0.0.202111181127/tools/bin/../lib/gcc/arm-none-eabi/10.3.1/../../../../arm-none-eabi/lib/thumb/v8-m.main+fp/hard\libc_nano.a(lib_a-lock.o)
                0x000000002000029a                __lock___sinit_recursive_mutex
 *fill*         0x000000002000029b        0x1 
 .bss.__malloc_free_list
                0x000000002000029c        0x4 c:/st/stm32cubeide_1.9.0/stm32cubeide/plugins/com.st.stm32cube.ide.mcu.externaltools.gnu-tools-for-stm32.10.3-2021.10.win32_1.0.0.202111181127/tools/bin/../lib/gcc/arm-none-eabi/10.3.1/../../../../arm-none-eabi/lib/thumb/v8-m.main+fp/hard\libc_nano.a(lib_a-nano-mallocr.o)
                0x000000002000029c                __malloc_free_list
 .bss.__malloc_sbrk_start
                0x00000000200002a0        0x4 c:/st/stm32cubeide_1.9.0/stm32cubeide/plugins/com.st.stm32cube.ide.mcu.externaltools.gnu-tools-for-stm32.10.3-2021.10.win32_1.0.0.202111181127/tools/bin/../lib/gcc/arm-none-eabi/10.3.1/../../../../arm-none-eabi/lib/thumb/v8-m.main+fp/hard\libc_nano.a(lib_a-nano-mallocr.o)
                0x00000000200002a0                __malloc_sbrk_start
 .bss.errno     0x00000000200002a4        0x4 c:/st/stm32cubeide_1.9.0/stm32cubeide/plugins/com.st.stm32cube.ide.mcu.externaltools.gnu-tools-for-stm32.10.3-2021.10.win32_1.0.0.202111181127/tools/bin/../lib/gcc/arm-none-eabi/10.3.1/../../../../arm-none-eabi/lib/thumb/v8-m.main+fp/hard\libc_nano.a(lib_a-reent.o)
                0x00000000200002a4                errno
 *(COMMON)
                0x00000000200002a8                _ebss = .
                0x00000000200002a8                __bss_end__ = _ebss

._user_heap_stack
                0x00000000200002a8      0x600 load address 0x000000000800e058
                0x00000000200002a8                . = ALIGN (0x8)
                [!provide]                        PROVIDE (end = .)
                0x00000000200002a8                PROVIDE (_end = .)
                0x00000000200004a8                . = (. + _Min_Heap_Size)
 *fill*         0x00000000200002a8      0x200 
                0x00000000200008a8                . = (. + _Min_Stack_Size)
 *fill*         0x00000000200004a8      0x400 
                0x00000000200008a8                . = ALIGN (0x8)

/DISCARD/
 libc.a(*)
 libm.a(*)
 libgcc.a(*)

.ARM.attributes
                0x0000000000000000       0x36
 *(.ARM.attributes)
 .ARM.attributes
                0x0000000000000000       0x22 c:/st/stm32cubeide_1.9.0/stm32cubeide/plugins/com.st.stm32cube.ide.mcu.externaltools.gnu-tools-for-stm32.10.3-2021.10.win32_1.0.0.202111181127/tools/bin/../lib/gcc/arm-none-eabi/10.3.1/thumb/v8-m.main+fp/hard/crti.o
 .ARM.attributes
                0x0000000000000022       0x38 c:/st/stm32cubeide_1.9.0/stm32cubeide/plugins/com.st.stm32cube.ide.mcu.externaltools.gnu-tools-for-stm32.10.3-2021.10.win32_1.0.0.202111181127/tools/bin/../lib/gcc/arm-none-eabi/10.3.1/thumb/v8-m.main+fp/hard/crtbegin.o
 .ARM.attributes
                0x000000000000005a       0x3a ./Core/Src/gpio.o
 .ARM.attributes
                0x0000000000000094       0x3a ./Core/Src/i2c.o
 .ARM.attributes
                0x00000000000000ce       0x3a ./Core/Src/main.o
 .ARM.attributes
                0x0000000000000108       0x3a ./Core/Src/spi.o
 .ARM.attributes
                0x0000000000000142       0x3a ./Core/Src/stm32u5xx_hal_msp.o
 .ARM.attributes
                0x000000000000017c       0x3a ./Core/Src/stm32u5xx_it.o
 .ARM.attributes
                0x00000000000001b6       0x3a ./Core/Src/syscalls.o
 .ARM.attributes
                0x00000000000001f0       0x3a ./Core/Src/sysmem.o
 .ARM.attributes
                0x000000000000022a       0x3a ./Core/Src/system_stm32u5xx.o
 .ARM.attributes
                0x0000000000000264       0x3a ./Core/Src/usart.o
 .ARM.attributes
                0x000000000000029e       0x24 ./Core/Startup/startup_stm32u585aiixq.o
 .ARM.attributes
                0x00000000000002c2       0x3a ./Drivers/BSP/motion_sensor.o
 .ARM.attributes
                0x00000000000002fc       0x3a ./Drivers/STM32U5xx_HAL_Driver/Src/stm32u5xx_hal.o
 .ARM.attributes
                0x0000000000000336       0x3a ./Drivers/STM32U5xx_HAL_Driver/Src/stm32u5xx_hal_cortex.o
 .ARM.attributes
                0x0000000000000370       0x3a ./Drivers/STM32U5xx_HAL_Driver/Src/stm32u5xx_hal_gpio.o
 .ARM.attributes
                0x00000000000003aa       0x3a ./Drivers/STM32U5xx_HAL_Driver/Src/stm32u5xx_hal_i2c.o
 .ARM.attributes
                0x00000000000003e4       0x3a ./Drivers/STM32U5xx_HAL_Driver/Src/stm32u5xx_hal_i2c_ex.o
 .ARM.attributes
                0x000000000000041e       0x3a ./Drivers/STM32U5xx_HAL_Driver/Src/stm32u5xx_hal_pwr_ex.o
 .ARM.attributes
                0x0000000000000458       0x3a ./Drivers/STM32U5xx_HAL_Driver/Src/stm32u5xx_hal_rcc.o
 .ARM.attributes
                0x0000000000000492       0x3a ./Drivers/STM32U5xx_HAL_Driver/Src/stm32u5xx_hal_rcc_ex.o
 .ARM.attributes
                0x00000000000004cc       0x3a ./Drivers/STM32U5xx_HAL_Driver/Src/stm32u5xx_hal_spi.o
 .ARM.attributes
                0x0000000000000506       0x3a ./Drivers/STM32U5xx_HAL_Driver/Src/stm32u5xx_hal_spi_ex.o
 .ARM.attributes
                0x0000000000000540       0x3a ./Drivers/STM32U5xx_HAL_Driver/Src/stm32u5xx_hal_uart.o
 .ARM.attributes
                0x000000000000057a       0x3a ./Drivers/STM32U5xx_HAL_Driver/Src/stm32u5xx_hal_uart_ex.o
 .ARM.attributes
                0x00000000000005b4       0x3a ./Drivers/lis2mdl/lis2mdl.o
 .ARM.attributes
                0x00000000000005ee       0x3a ./Drivers/lis2mdl/lis2mdl_reg.o
 .ARM.attributes
                0x0000000000000628       0x3a ./Drivers/lsm6dsox/lsm6dsox.o
 .ARM.attributes
                0x0000000000000662       0x3a ./Drivers/lsm6dsox/lsm6dsox_reg.o
 .ARM.attributes
                0x000000000000069c       0x38 c:/st/stm32cubeide_1.9.0/stm32cubeide/plugins/com.st.stm32cube.ide.mcu.externaltools.gnu-tools-for-stm32.10.3-2021.10.win32_1.0.0.202111181127/tools/bin/../lib/gcc/arm-none-eabi/10.3.1/../../../../arm-none-eabi/lib/thumb/v8-m.main+fp/hard\libc_nano.a(lib_a-errno.o)
 .ARM.attributes
                0x00000000000006d4       0x38 c:/st/stm32cubeide_1.9.0/stm32cubeide/plugins/com.st.stm32cube.ide.mcu.externaltools.gnu-tools-for-stm32.10.3-2021.10.win32_1.0.0.202111181127/tools/bin/../lib/gcc/arm-none-eabi/10.3.1/../../../../arm-none-eabi/lib/thumb/v8-m.main+fp/hard\libc_nano.a(lib_a-impure.o)
 .ARM.attributes
                0x000000000000070c       0x38 c:/st/stm32cubeide_1.9.0/stm32cubeide/plugins/com.st.stm32cube.ide.mcu.externaltools.gnu-tools-for-stm32.10.3-2021.10.win32_1.0.0.202111181127/tools/bin/../lib/gcc/arm-none-eabi/10.3.1/../../../../arm-none-eabi/lib/thumb/v8-m.main+fp/hard\libc_nano.a(lib_a-init.o)
 .ARM.attributes
                0x0000000000000744       0x38 c:/st/stm32cubeide_1.9.0/stm32cubeide/plugins/com.st.stm32cube.ide.mcu.externaltools.gnu-tools-for-stm32.10.3-2021.10.win32_1.0.0.202111181127/tools/bin/../lib/gcc/arm-none-eabi/10.3.1/../../../../arm-none-eabi/lib/thumb/v8-m.main+fp/hard\libc_nano.a(lib_a-memset.o)
 .ARM.attributes
                0x000000000000077c       0x38 c:/st/stm32cubeide_1.9.0/stm32cubeide/plugins/com.st.stm32cube.ide.mcu.externaltools.gnu-tools-for-stm32.10.3-2021.10.win32_1.0.0.202111181127/tools/bin/../lib/gcc/arm-none-eabi/10.3.1/../../../../arm-none-eabi/lib/thumb/v8-m.main+fp/hard\libc_nano.a(lib_a-printf.o)
 .ARM.attributes
                0x00000000000007b4       0x38 c:/st/stm32cubeide_1.9.0/stm32cubeide/plugins/com.st.stm32cube.ide.mcu.externaltools.gnu-tools-for-stm32.10.3-2021.10.win32_1.0.0.202111181127/tools/bin/../lib/gcc/arm-none-eabi/10.3.1/../../../../arm-none-eabi/lib/thumb/v8-m.main+fp/hard\libc_nano.a(lib_a-puts.o)
 .ARM.attributes
                0x00000000000007ec       0x38 c:/st/stm32cubeide_1.9.0/stm32cubeide/plugins/com.st.stm32cube.ide.mcu.externaltools.gnu-tools-for-stm32.10.3-2021.10.win32_1.0.0.202111181127/tools/bin/../lib/gcc/arm-none-eabi/10.3.1/../../../../arm-none-eabi/lib/thumb/v8-m.main+fp/hard\libc_nano.a(lib_a-wbuf.o)
 .ARM.attributes
                0x0000000000000824       0x38 c:/st/stm32cubeide_1.9.0/stm32cubeide/plugins/com.st.stm32cube.ide.mcu.externaltools.gnu-tools-for-stm32.10.3-2021.10.win32_1.0.0.202111181127/tools/bin/../lib/gcc/arm-none-eabi/10.3.1/../../../../arm-none-eabi/lib/thumb/v8-m.main+fp/hard\libc_nano.a(lib_a-wsetup.o)
 .ARM.attributes
                0x000000000000085c       0x38 c:/st/stm32cubeide_1.9.0/stm32cubeide/plugins/com.st.stm32cube.ide.mcu.externaltools.gnu-tools-for-stm32.10.3-2021.10.win32_1.0.0.202111181127/tools/bin/../lib/gcc/arm-none-eabi/10.3.1/../../../../arm-none-eabi/lib/thumb/v8-m.main+fp/hard\libc_nano.a(lib_a-fflush.o)
 .ARM.attributes
                0x0000000000000894       0x38 c:/st/stm32cubeide_1.9.0/stm32cubeide/plugins/com.st.stm32cube.ide.mcu.externaltools.gnu-tools-for-stm32.10.3-2021.10.win32_1.0.0.202111181127/tools/bin/../lib/gcc/arm-none-eabi/10.3.1/../../../../arm-none-eabi/lib/thumb/v8-m.main+fp/hard\libc_nano.a(lib_a-findfp.o)
 .ARM.attributes
                0x00000000000008cc       0x38 c:/st/stm32cubeide_1.9.0/stm32cubeide/plugins/com.st.stm32cube.ide.mcu.externaltools.gnu-tools-for-stm32.10.3-2021.10.win32_1.0.0.202111181127/tools/bin/../lib/gcc/arm-none-eabi/10.3.1/../../../../arm-none-eabi/lib/thumb/v8-m.main+fp/hard\libc_nano.a(lib_a-fwalk.o)
 .ARM.attributes
                0x0000000000000904       0x38 c:/st/stm32cubeide_1.9.0/stm32cubeide/plugins/com.st.stm32cube.ide.mcu.externaltools.gnu-tools-for-stm32.10.3-2021.10.win32_1.0.0.202111181127/tools/bin/../lib/gcc/arm-none-eabi/10.3.1/../../../../arm-none-eabi/lib/thumb/v8-m.main+fp/hard\libc_nano.a(lib_a-lock.o)
 .ARM.attributes
                0x000000000000093c       0x38 c:/st/stm32cubeide_1.9.0/stm32cubeide/plugins/com.st.stm32cube.ide.mcu.externaltools.gnu-tools-for-stm32.10.3-2021.10.win32_1.0.0.202111181127/tools/bin/../lib/gcc/arm-none-eabi/10.3.1/../../../../arm-none-eabi/lib/thumb/v8-m.main+fp/hard\libc_nano.a(lib_a-makebuf.o)
 .ARM.attributes
                0x0000000000000974       0x38 c:/st/stm32cubeide_1.9.0/stm32cubeide/plugins/com.st.stm32cube.ide.mcu.externaltools.gnu-tools-for-stm32.10.3-2021.10.win32_1.0.0.202111181127/tools/bin/../lib/gcc/arm-none-eabi/10.3.1/../../../../arm-none-eabi/lib/thumb/v8-m.main+fp/hard\libc_nano.a(lib_a-nano-freer.o)
 .ARM.attributes